02-27 22:12:08.267  1176  1176 E wificond: vivo add tx_good 307584 tx_bad 1 rx_good 575524 tx_retry 20729 tx_retry_times 0
03-02 07:44:15.127 30758 30758 E e.gcash.androi: Not starting debugger since process cannot load the jdwp agent.
03-02 07:44:15.164   746   829 I libPowerHal: [perfNotifyAppState] pack:com.globe.gcash.android, act:com.globe.gcash.android.Default, state:1, pid:30758, uid:10292, fps:60
03-02 07:44:15.164   746   829 I libPowerHal: [perfNotifyAppState] foreground:com.globe.gcash.android, pid:30758, uid:10292
03-02 07:44:17.247 30758 30758 E _V_SensorManager: registerListenerImpl type:1 strType=android.sensor.accelerometer delay:66667 maxLatency:0 by: class com.facebook.appevents.codeless.ViewIndexingTrigger num: 0
03-02 07:44:17.329 30758 30945 E OpenGLRenderer: Device claims wide gamut support, cannot find matching config, error = EGL_SUCCESS
03-02 07:44:17.347 30758 31006 E ion     : ioctl c0044901 failed with code -1: Invalid argument
03-02 07:44:17.390 30758 30945 E OpenGLRenderer: fbcNotifyFrameComplete error: undefined symbol: fbcNotifyFrameComplete
03-02 07:44:17.390 30758 30945 E OpenGLRenderer: fbcNotifyNoRender error: undefined symbol: fbcNotifyNoRender
03-02 07:44:17.829 30758 31075 E chromium: [ERROR:simple_file_enumerator.cc(21)] opendir /data/user/0/com.globe.gcash.android/cache/WebView/Default/HTTP Cache/Code Cache/js: No such file or directory (2)
03-02 07:44:17.829 30758 31075 E chromium: [ERROR:simple_index_file.cc(614)] Could not reconstruct index from disk
03-02 07:44:18.067 30758 30758 E _V_SensorManager: unregisterListenerImpl listener=com.facebook.appevents.codeless.ViewIndexingTrigger@a1fc9dcsensor=NULL num: 1
03-02 07:44:18.076   746   829 I libPowerHal: [perfNotifyAppState] pack:com.globe.gcash.android, act:gcash.module.login.LoginActivity, state:1, pid:30758, uid:10292, fps:60
03-02 07:44:18.081   746   829 I libPowerHal: [perfNotifyAppState] pack:com.globe.gcash.android, act:com.globe.gcash.android.Default, state:0, pid:30758, uid:10292, fps:60
03-02 07:44:18.342 30758 30758 E _V_SensorManager: registerListenerImpl type:1 strType=android.sensor.accelerometer delay:66667 maxLatency:0 by: class com.facebook.appevents.codeless.ViewIndexingTrigger num: 0
03-02 07:44:22.232 30758 31186 E _V_SensorManager: registerListenerImpl type:19 strType=android.sensor.step_counter delay:200000 maxLatency:0 by: class com.alipay.mobile.healthcommon.stepcounter.APStepProcessor num: 0
03-02 07:44:22.419 30758 31195 E _V_SensorManager: registerListenerImpl type:1 strType=android.sensor.accelerometer delay:0 maxLatency:0 by: class com.appsflyer.internal.w num: 1
03-02 07:44:22.420 30758 30758 E _V_SensorManager: unregisterListenerImpl listener=com.facebook.appevents.codeless.ViewIndexingTrigger@a1fc9dcsensor=NULL num: 1
03-02 07:44:22.427 30758 31195 E _V_SensorManager: registerListenerImpl type:2 strType=android.sensor.magnetic_field delay:0 maxLatency:0 by: class com.appsflyer.internal.w num: 2
03-02 07:44:22.432 30758 31195 E _V_SensorManager: registerListenerImpl type:4 strType=android.sensor.gyroscope delay:0 maxLatency:0 by: class com.appsflyer.internal.w num: 2
03-02 07:44:22.435   746   829 I libPowerHal: [perfNotifyAppState] pack:com.globe.gcash.android, act:gcash.module.dashboard.refactored.presentation.DashboardContainerActivity, state:1, pid:30758, uid:10292, fps:60
03-02 07:44:22.438   746   829 I libPowerHal: [perfNotifyAppState] pack:com.globe.gcash.android, act:gcash.module.login.LoginActivity, state:0, pid:30758, uid:10292, fps:60
03-02 07:44:23.022 30758 30758 E _V_SensorManager: registerListenerImpl type:1 strType=android.sensor.accelerometer delay:66667 maxLatency:0 by: class com.facebook.appevents.codeless.ViewIndexingTrigger num: 3
03-02 07:44:23.557   746   817 I libPowerHal: [updateFPS] pid(30758) : 60 => -1
03-02 07:44:23.558   746   829 I libPowerHal: [perfNotifyAppState] pack:com.globe.gcash.android, act:gcash.module.dashboard.refactored.presentation.DashboardContainerActivity, state:5, pid:30758, uid:10292, fps:-1
03-02 07:44:23.899 30758 31195 E _V_SensorManager: unregisterListenerImpl listener=com.appsflyer.internal.w@3b2e2d49sensor=NULL num: 4
03-02 07:44:23.901 30758 31195 E _V_SensorManager: unregisterListenerImpl listener=com.appsflyer.internal.w@922a4c90sensor=NULL num: 3
03-02 07:44:23.902 30758 31195 E _V_SensorManager: unregisterListenerImpl listener=com.appsflyer.internal.w@979f95a4sensor=NULL num: 2
03-02 07:44:24.558   746   817 I libPowerHal: [updateFPS] pid(30758) : -1 => 60
03-02 07:44:24.558   746   829 I libPowerHal: [perfNotifyAppState] pack:com.globe.gcash.android, act:gcash.module.dashboard.refactored.presentation.DashboardContainerActivity, state:5, pid:30758, uid:10292, fps:60
03-02 07:44:24.660 30758 30758 E _V_SensorManager: unregisterListenerImpl listener=com.facebook.appevents.codeless.ViewIndexingTrigger@a1fc9dcsensor=NULL num: 1
03-02 07:44:24.685   746   829 I libPowerHal: [perfNotifyAppState] pack:com.globe.gcash.android, act:com.alibaba.griver.core.ui.activity.GriverBaseActivity$Main, state:1, pid:30758, uid:10292, fps:60
03-02 07:44:24.699   746   829 I libPowerHal: [perfNotifyAppState] pack:com.globe.gcash.android, act:gcash.module.dashboard.refactored.presentation.DashboardContainerActivity, state:0, pid:30758, uid:10292, fps:60
03-02 07:44:24.803 30758 30758 E _V_SensorManager: registerListenerImpl type:1 strType=android.sensor.accelerometer delay:66667 maxLatency:0 by: class com.facebook.appevents.codeless.ViewIndexingTrigger num: 0
03-02 07:44:25.149   746   829 I libPowerHal: [perfNotifyAppState] pack:com.globe.gcash.android, act:gcash.module.dashboard.refactored.presentation.DashboardContainerActivity, state:0, pid:30758, uid:10292, fps:60
03-02 07:44:25.558   746   817 I libPowerHal: [updateFPS] pid(30758) : 60 => -1
03-02 07:44:25.558   746   829 I libPowerHal: [perfNotifyAppState] pack:com.globe.gcash.android, act:com.alibaba.griver.core.ui.activity.GriverBaseActivity$Main, state:5, pid:30758, uid:10292, fps:-1
03-02 07:44:25.591 30758 30758 E _V_SensorManager: unregisterListenerImpl listener=com.facebook.appevents.codeless.ViewIndexingTrigger@a1fc9dcsensor=NULL num: 1
03-02 07:44:25.602   746   829 I libPowerHal: [perfNotifyAppState] pack:com.globe.gcash.android, act:gcash.module.dashboard.refactored.presentation.DashboardContainerActivity, state:1, pid:30758, uid:10292, fps:-1
03-02 07:44:25.610   746   829 I libPowerHal: [perfNotifyAppState] pack:com.globe.gcash.android, act:com.alibaba.griver.core.ui.activity.GriverBaseActivity$Main, state:0, pid:30758, uid:10292, fps:-1
03-02 07:44:25.618 30758 30758 E _V_SensorManager: registerListenerImpl type:1 strType=android.sensor.accelerometer delay:66667 maxLatency:0 by: class com.facebook.appevents.codeless.ViewIndexingTrigger num: 0
03-02 07:44:26.446 30758 30758 E _V_SensorManager: unregisterListenerImpl listener=com.facebook.appevents.codeless.ViewIndexingTrigger@a1fc9dcsensor=NULL num: 1
03-02 07:44:26.456   746   829 I libPowerHal: [perfNotifyAppState] pack:com.globe.gcash.android, act:com.alibaba.griver.core.ui.activity.GriverBaseActivity$Main, state:1, pid:30758, uid:10292, fps:-1
03-02 07:44:26.460   746   829 I libPowerHal: [perfNotifyAppState] pack:com.globe.gcash.android, act:gcash.module.dashboard.refactored.presentation.DashboardContainerActivity, state:0, pid:30758, uid:10292, fps:-1
03-02 07:44:26.576 30758 30758 E _V_SensorManager: registerListenerImpl type:1 strType=android.sensor.accelerometer delay:66667 maxLatency:0 by: class com.facebook.appevents.codeless.ViewIndexingTrigger num: 0
03-02 07:44:26.942   746   829 I libPowerHal: [perfNotifyAppState] pack:com.globe.gcash.android, act:gcash.module.dashboard.refactored.presentation.DashboardContainerActivity, state:0, pid:30758, uid:10292, fps:-1
03-02 07:44:27.559   746   817 I libPowerHal: [updateFPS] pid(30758) : -1 => 60
03-02 07:44:27.559   746   829 I libPowerHal: [perfNotifyAppState] pack:com.globe.gcash.android, act:com.alibaba.griver.core.ui.activity.GriverBaseActivity$Main, state:5, pid:30758, uid:10292, fps:60
03-02 07:44:29.559   746   817 I libPowerHal: [updateFPS] pid(30758) : 60 => -1
03-02 07:44:29.560   746   829 I libPowerHal: [perfNotifyAppState] pack:com.globe.gcash.android, act:com.alibaba.griver.core.ui.activity.GriverBaseActivity$Main, state:5, pid:30758, uid:10292, fps:-1
03-02 07:44:32.674 30758 30945 E GPUAUX  : [AUX]GuiExtAuxCheckAuxPath:663: Null anb
03-02 07:44:32.674 30758 30945 E GPUAUX  : [AUX]GuiExtAuxCheckAuxPath:663: Null anb
03-02 07:44:32.674 30758 30945 E GPUAUX  : [AUX]GuiExtAuxCheckAuxPath:663: Null anb
03-02 07:44:32.674 30758 30945 E GPUAUX  : [AUX]GuiExtAuxCheckAuxPath:663: Null anb
03-02 07:44:32.674 30758 30945 E GPUAUX  : [AUX]GuiExtAuxCheckAuxPath:663: Null anb
03-02 07:44:32.675 30758 30945 E GPUAUX  : [AUX]GuiExtAuxCheckAuxPath:663: Null anb
03-02 07:44:32.675 30758 30945 E GPUAUX  : [AUX]GuiExtAuxCheckAuxPath:663: Null anb
03-02 07:44:32.675 30758 30945 E GPUAUX  : [AUX]GuiExtAuxCheckAuxPath:663: Null anb
03-02 07:44:32.675 30758 30945 E GPUAUX  : [AUX]GuiExtAuxCheckAuxPath:663: Null anb
03-02 07:44:32.675 30758 30945 E GPUAUX  : [AUX]GuiExtAuxCheckAuxPath:663: Null anb
03-02 07:44:32.675 30758 30945 E GPUAUX  : [AUX]GuiExtAuxCheckAuxPath:663: Null anb
03-02 07:44:32.675 30758 30945 E GPUAUX  : [AUX]GuiExtAuxCheckAuxPath:663: Null anb
03-02 07:44:32.675 30758 30945 E GPUAUX  : [AUX]GuiExtAuxCheckAuxPath:663: Null anb
03-02 07:44:32.675 30758 30945 E GPUAUX  : [AUX]GuiExtAuxCheckAuxPath:663: Null anb
03-02 07:44:32.833 30758 30945 E GPUAUX  : [AUX]GuiExtAuxCheckAuxPath:663: Null anb
03-02 07:44:32.834 30758 30945 E GPUAUX  : [AUX]GuiExtAuxCheckAuxPath:663: Null anb
03-02 07:44:32.834 30758 30945 E GPUAUX  : [AUX]GuiExtAuxCheckAuxPath:663: Null anb
03-02 07:44:32.834 30758 30945 E GPUAUX  : [AUX]GuiExtAuxCheckAuxPath:663: Null anb
03-02 07:44:32.834 30758 30945 E GPUAUX  : [AUX]GuiExtAuxCheckAuxPath:663: Null anb
03-02 07:44:32.834 30758 30945 E GPUAUX  : [AUX]GuiExtAuxCheckAuxPath:663: Null anb
03-02 07:44:32.835 30758 30945 E GPUAUX  : [AUX]GuiExtAuxCheckAuxPath:663: Null anb
03-02 07:44:32.835 30758 30945 E GPUAUX  : [AUX]GuiExtAuxCheckAuxPath:663: Null anb
03-02 07:44:32.835 30758 30945 E GPUAUX  : [AUX]GuiExtAuxCheckAuxPath:663: Null anb
03-02 07:44:32.835 30758 30945 E GPUAUX  : [AUX]GuiExtAuxCheckAuxPath:663: Null anb
03-02 07:44:32.835 30758 30945 E GPUAUX  : [AUX]GuiExtAuxCheckAuxPath:663: Null anb
03-02 07:44:32.835 30758 30945 E GPUAUX  : [AUX]GuiExtAuxCheckAuxPath:663: Null anb
03-02 07:44:32.835 30758 30945 E GPUAUX  : [AUX]GuiExtAuxCheckAuxPath:663: Null anb
03-02 07:44:32.836 30758 30945 E GPUAUX  : [AUX]GuiExtAuxCheckAuxPath:663: Null anb
03-02 07:44:32.930 30758 31195 E _V_SensorManager: unregisterListenerImpl listener=com.appsflyer.internal.w@3b2e2d49sensor=NULL num: 1
03-02 07:44:32.930 30758 31195 E _V_SensorManager: unregisterListenerImpl listener=com.appsflyer.internal.w@922a4c90sensor=NULL num: 1
03-02 07:44:32.930 30758 31195 E _V_SensorManager: unregisterListenerImpl listener=com.appsflyer.internal.w@979f95a4sensor=NULL num: 1
03-02 07:44:33.560   746   817 I libPowerHal: [updateFPS] pid(30758) : -1 => 60
03-02 07:44:33.561   746   829 I libPowerHal: [perfNotifyAppState] pack:com.globe.gcash.android, act:com.alibaba.griver.core.ui.activity.GriverBaseActivity$Main, state:5, pid:30758, uid:10292, fps:60
03-02 07:44:35.151 30758 30945 E GPUAUX  : [AUX]GuiExtAuxCheckAuxPath:663: Null anb
03-02 07:44:35.152 30758 30945 E GPUAUX  : [AUX]GuiExtAuxCheckAuxPath:663: Null anb
03-02 07:44:35.152 30758 30945 E GPUAUX  : [AUX]GuiExtAuxCheckAuxPath:663: Null anb
03-02 07:44:35.152 30758 30945 E GPUAUX  : [AUX]GuiExtAuxCheckAuxPath:663: Null anb
03-02 07:44:35.152 30758 30945 E GPUAUX  : [AUX]GuiExtAuxCheckAuxPath:663: Null anb
03-02 07:44:35.152 30758 30945 E GPUAUX  : [AUX]GuiExtAuxCheckAuxPath:663: Null anb
03-02 07:44:35.152 30758 30945 E GPUAUX  : [AUX]GuiExtAuxCheckAuxPath:663: Null anb
03-02 07:44:35.152 30758 30945 E GPUAUX  : [AUX]GuiExtAuxCheckAuxPath:663: Null anb
03-02 07:44:35.152 30758 30945 E GPUAUX  : [AUX]GuiExtAuxCheckAuxPath:663: Null anb
03-02 07:44:35.152 30758 30945 E GPUAUX  : [AUX]GuiExtAuxCheckAuxPath:663: Null anb
03-02 07:44:35.152 30758 30945 E GPUAUX  : [AUX]GuiExtAuxCheckAuxPath:663: Null anb
03-02 07:44:35.152 30758 30945 E GPUAUX  : [AUX]GuiExtAuxCheckAuxPath:663: Null anb
03-02 07:44:35.152 30758 30945 E GPUAUX  : [AUX]GuiExtAuxCheckAuxPath:663: Null anb
03-02 07:44:35.152 30758 30945 E GPUAUX  : [AUX]GuiExtAuxCheckAuxPath:663: Null anb
03-02 07:45:12.997 30758 30945 E GPUAUX  : [AUX]GuiExtAuxCheckAuxPath:663: Null anb
03-02 07:45:12.998 30758 30945 E GPUAUX  : [AUX]GuiExtAuxCheckAuxPath:663: Null anb
03-02 07:45:12.999 30758 30945 E GPUAUX  : [AUX]GuiExtAuxCheckAuxPath:663: Null anb
03-02 07:45:12.999 30758 30945 E GPUAUX  : [AUX]GuiExtAuxCheckAuxPath:663: Null anb
03-02 07:45:12.999 30758 30945 E GPUAUX  : [AUX]GuiExtAuxCheckAuxPath:663: Null anb
03-02 07:45:12.999 30758 30945 E GPUAUX  : [AUX]GuiExtAuxCheckAuxPath:663: Null anb
03-02 07:45:12.999 30758 30945 E GPUAUX  : [AUX]GuiExtAuxCheckAuxPath:663: Null anb
03-02 07:45:12.999 30758 30945 E GPUAUX  : [AUX]GuiExtAuxCheckAuxPath:663: Null anb
03-02 07:45:13.012 30758 30945 E GPUAUX  : [AUX]GuiExtAuxCheckAuxPath:663: Null anb
03-02 07:45:13.084 30758 30945 E GPUAUX  : [AUX]GuiExtAuxCheckAuxPath:663: Null anb
03-02 07:45:13.111 30758 30945 E GPUAUX  : [AUX]GuiExtAuxCheckAuxPath:663: Null anb
03-02 07:45:13.128 30758 30945 E GPUAUX  : [AUX]GuiExtAuxCheckAuxPath:663: Null anb
03-02 07:45:13.145 30758 30945 E GPUAUX  : [AUX]GuiExtAuxCheckAuxPath:663: Null anb
03-02 07:45:13.163 30758 30945 E GPUAUX  : [AUX]GuiExtAuxCheckAuxPath:663: Null anb
03-02 07:45:13.179 30758 30945 E GPUAUX  : [AUX]GuiExtAuxCheckAuxPath:663: Null anb
03-02 07:45:13.196 30758 30945 E GPUAUX  : [AUX]GuiExtAuxCheckAuxPath:663: Null anb
03-02 07:45:13.214 30758 30945 E GPUAUX  : [AUX]GuiExtAuxCheckAuxPath:663: Null anb
03-02 07:45:13.229 30758 30945 E GPUAUX  : [AUX]GuiExtAuxCheckAuxPath:663: Null anb
03-02 07:45:13.245 30758 30945 E GPUAUX  : [AUX]GuiExtAuxCheckAuxPath:663: Null anb
03-02 07:45:13.262 30758 30945 E GPUAUX  : [AUX]GuiExtAuxCheckAuxPath:663: Null anb
03-02 07:45:13.279 30758 30945 E GPUAUX  : [AUX]GuiExtAuxCheckAuxPath:663: Null anb
03-02 07:45:13.297 30758 30945 E GPUAUX  : [AUX]GuiExtAuxCheckAuxPath:663: Null anb
03-02 07:45:13.313 30758 30945 E GPUAUX  : [AUX]GuiExtAuxCheckAuxPath:663: Null anb
03-02 07:45:13.329 30758 30945 E GPUAUX  : [AUX]GuiExtAuxCheckAuxPath:663: Null anb
03-02 07:45:13.345 30758 30945 E GPUAUX  : [AUX]GuiExtAuxCheckAuxPath:663: Null anb
03-02 07:45:13.362 30758 30945 E GPUAUX  : [AUX]GuiExtAuxCheckAuxPath:663: Null anb
03-02 07:45:13.377 30758 30945 E GPUAUX  : [AUX]GuiExtAuxCheckAuxPath:663: Null anb
03-02 07:45:13.394 30758 30945 E GPUAUX  : [AUX]GuiExtAuxCheckAuxPath:663: Null anb
03-02 07:45:13.411 30758 30945 E GPUAUX  : [AUX]GuiExtAuxCheckAuxPath:663: Null anb
03-02 07:45:13.427 30758 30945 E GPUAUX  : [AUX]GuiExtAuxCheckAuxPath:663: Null anb
03-02 07:45:13.444 30758 30945 E GPUAUX  : [AUX]GuiExtAuxCheckAuxPath:663: Null anb
03-02 07:45:13.460 30758 30945 E GPUAUX  : [AUX]GuiExtAuxCheckAuxPath:663: Null anb
03-02 07:45:13.478 30758 30945 E GPUAUX  : [AUX]GuiExtAuxCheckAuxPath:663: Null anb
03-02 07:45:13.493 30758 30945 E GPUAUX  : [AUX]GuiExtAuxCheckAuxPath:663: Null anb
03-02 07:45:13.510 30758 30945 E GPUAUX  : [AUX]GuiExtAuxCheckAuxPath:663: Null anb
03-02 07:45:13.526 30758 30945 E GPUAUX  : [AUX]GuiExtAuxCheckAuxPath:663: Null anb
03-02 07:45:13.543 30758 30945 E GPUAUX  : [AUX]GuiExtAuxCheckAuxPath:663: Null anb
03-02 07:45:13.559 30758 30945 E GPUAUX  : [AUX]GuiExtAuxCheckAuxPath:663: Null anb
03-02 07:45:13.576 30758 30945 E GPUAUX  : [AUX]GuiExtAuxCheckAuxPath:663: Null anb
03-02 07:45:13.593 30758 30945 E GPUAUX  : [AUX]GuiExtAuxCheckAuxPath:663: Null anb
03-02 07:45:13.609 30758 30945 E GPUAUX  : [AUX]GuiExtAuxCheckAuxPath:663: Null anb
03-02 07:45:13.627 30758 30945 E GPUAUX  : [AUX]GuiExtAuxCheckAuxPath:663: Null anb
03-02 07:45:13.643 30758 30945 E GPUAUX  : [AUX]GuiExtAuxCheckAuxPath:663: Null anb
03-02 07:45:13.660 30758 30945 E GPUAUX  : [AUX]GuiExtAuxCheckAuxPath:663: Null anb
03-02 07:45:13.676 30758 30945 E GPUAUX  : [AUX]GuiExtAuxCheckAuxPath:663: Null anb
03-02 07:45:13.693 30758 30945 E GPUAUX  : [AUX]GuiExtAuxCheckAuxPath:663: Null anb
03-02 07:45:13.710 30758 30945 E GPUAUX  : [AUX]GuiExtAuxCheckAuxPath:663: Null anb
03-02 07:45:13.726 30758 30945 E GPUAUX  : [AUX]GuiExtAuxCheckAuxPath:663: Null anb
03-02 07:45:13.743 30758 30945 E GPUAUX  : [AUX]GuiExtAuxCheckAuxPath:663: Null anb
03-02 07:45:13.760 30758 30945 E GPUAUX  : [AUX]GuiExtAuxCheckAuxPath:663: Null anb
03-02 07:45:13.776 30758 30945 E GPUAUX  : [AUX]GuiExtAuxCheckAuxPath:663: Null anb
03-02 07:45:13.793 30758 30945 E GPUAUX  : [AUX]GuiExtAuxCheckAuxPath:663: Null anb
03-02 07:45:13.811 30758 30945 E GPUAUX  : [AUX]GuiExtAuxCheckAuxPath:663: Null anb
03-02 07:45:13.826 30758 30945 E GPUAUX  : [AUX]GuiExtAuxCheckAuxPath:663: Null anb
03-02 07:45:13.843 30758 30945 E GPUAUX  : [AUX]GuiExtAuxCheckAuxPath:663: Null anb
03-02 07:45:13.859 30758 30945 E GPUAUX  : [AUX]GuiExtAuxCheckAuxPath:663: Null anb
03-02 07:45:13.876 30758 30945 E GPUAUX  : [AUX]GuiExtAuxCheckAuxPath:663: Null anb
03-02 07:45:13.893 30758 30945 E GPUAUX  : [AUX]GuiExtAuxCheckAuxPath:663: Null anb
03-02 07:45:14.010 30758 30945 E GPUAUX  : [AUX]GuiExtAuxCheckAuxPath:663: Null anb
03-02 07:45:14.026 30758 30945 E GPUAUX  : [AUX]GuiExtAuxCheckAuxPath:663: Null anb
03-02 07:45:14.045 30758 30945 E GPUAUX  : [AUX]GuiExtAuxCheckAuxPath:663: Null anb
03-02 07:45:14.060 30758 30945 E GPUAUX  : [AUX]GuiExtAuxCheckAuxPath:663: Null anb
03-02 07:45:14.076 30758 30945 E GPUAUX  : [AUX]GuiExtAuxCheckAuxPath:663: Null anb
03-02 07:45:14.093 30758 30945 E GPUAUX  : [AUX]GuiExtAuxCheckAuxPath:663: Null anb
03-02 07:45:14.109 30758 30945 E GPUAUX  : [AUX]GuiExtAuxCheckAuxPath:663: Null anb
03-02 07:45:14.127 30758 30945 E GPUAUX  : [AUX]GuiExtAuxCheckAuxPath:663: Null anb
03-02 07:45:14.143 30758 30945 E GPUAUX  : [AUX]GuiExtAuxCheckAuxPath:663: Null anb
03-02 07:45:14.161 30758 30945 E GPUAUX  : [AUX]GuiExtAuxCheckAuxPath:663: Null anb
03-02 07:45:14.179 30758 30945 E GPUAUX  : [AUX]GuiExtAuxCheckAuxPath:663: Null anb
03-02 07:45:14.196 30758 30945 E GPUAUX  : [AUX]GuiExtAuxCheckAuxPath:663: Null anb
03-02 07:45:14.214 30758 30945 E GPUAUX  : [AUX]GuiExtAuxCheckAuxPath:663: Null anb
03-02 07:45:14.230 30758 30945 E GPUAUX  : [AUX]GuiExtAuxCheckAuxPath:663: Null anb
03-02 07:45:14.246 30758 30945 E GPUAUX  : [AUX]GuiExtAuxCheckAuxPath:663: Null anb
03-02 07:45:14.262 30758 30945 E GPUAUX  : [AUX]GuiExtAuxCheckAuxPath:663: Null anb
03-02 07:45:14.278 30758 30945 E GPUAUX  : [AUX]GuiExtAuxCheckAuxPath:663: Null anb
03-02 07:45:14.295 30758 30945 E GPUAUX  : [AUX]GuiExtAuxCheckAuxPath:663: Null anb
03-02 07:45:14.313 30758 30945 E GPUAUX  : [AUX]GuiExtAuxCheckAuxPath:663: Null anb
03-02 07:45:14.330 30758 30945 E GPUAUX  : [AUX]GuiExtAuxCheckAuxPath:663: Null anb
03-02 07:45:14.344 30758 30945 E GPUAUX  : [AUX]GuiExtAuxCheckAuxPath:663: Null anb
03-02 07:45:14.363 30758 30945 E GPUAUX  : [AUX]GuiExtAuxCheckAuxPath:663: Null anb
03-02 07:45:14.380 30758 30945 E GPUAUX  : [AUX]GuiExtAuxCheckAuxPath:663: Null anb
03-02 07:45:14.397 30758 30945 E GPUAUX  : [AUX]GuiExtAuxCheckAuxPath:663: Null anb
03-02 07:45:14.412 30758 30945 E GPUAUX  : [AUX]GuiExtAuxCheckAuxPath:663: Null anb
03-02 07:45:14.429 30758 30945 E GPUAUX  : [AUX]GuiExtAuxCheckAuxPath:663: Null anb
03-02 07:45:14.445 30758 30945 E GPUAUX  : [AUX]GuiExtAuxCheckAuxPath:663: Null anb
03-02 07:45:14.465 30758 30945 E GPUAUX  : [AUX]GuiExtAuxCheckAuxPath:663: Null anb
03-02 07:45:14.477 30758 30945 E GPUAUX  : [AUX]GuiExtAuxCheckAuxPath:663: Null anb
03-02 07:45:14.495 30758 30945 E GPUAUX  : [AUX]GuiExtAuxCheckAuxPath:663: Null anb
03-02 07:45:14.511 30758 30945 E GPUAUX  : [AUX]GuiExtAuxCheckAuxPath:663: Null anb
03-02 07:45:14.530 30758 30945 E GPUAUX  : [AUX]GuiExtAuxCheckAuxPath:663: Null anb
03-02 07:45:14.547 30758 30945 E GPUAUX  : [AUX]GuiExtAuxCheckAuxPath:663: Null anb
03-02 07:45:14.563 30758 30945 E GPUAUX  : [AUX]GuiExtAuxCheckAuxPath:663: Null anb
03-02 07:45:14.580 30758 30945 E GPUAUX  : [AUX]GuiExtAuxCheckAuxPath:663: Null anb
03-02 07:45:14.594 30758 30945 E GPUAUX  : [AUX]GuiExtAuxCheckAuxPath:663: Null anb
03-02 07:45:14.613 30758 30945 E GPUAUX  : [AUX]GuiExtAuxCheckAuxPath:663: Null anb
03-02 07:45:14.629 30758 30945 E GPUAUX  : [AUX]GuiExtAuxCheckAuxPath:663: Null anb
03-02 07:45:14.645 30758 30945 E GPUAUX  : [AUX]GuiExtAuxCheckAuxPath:663: Null anb
03-02 07:45:14.663 30758 30945 E GPUAUX  : [AUX]GuiExtAuxCheckAuxPath:663: Null anb
03-02 07:45:14.680 30758 30945 E GPUAUX  : [AUX]GuiExtAuxCheckAuxPath:663: Null anb
03-02 07:45:14.695 30758 30945 E GPUAUX  : [AUX]GuiExtAuxCheckAuxPath:663: Null anb
03-02 07:45:14.713 30758 30945 E GPUAUX  : [AUX]GuiExtAuxCheckAuxPath:663: Null anb
03-02 07:45:14.729 30758 30945 E GPUAUX  : [AUX]GuiExtAuxCheckAuxPath:663: Null anb
03-02 07:45:14.748 30758 30945 E GPUAUX  : [AUX]GuiExtAuxCheckAuxPath:663: Null anb
03-02 07:45:14.763 30758 30945 E GPUAUX  : [AUX]GuiExtAuxCheckAuxPath:663: Null anb
03-02 07:45:14.779 30758 30945 E GPUAUX  : [AUX]GuiExtAuxCheckAuxPath:663: Null anb
03-02 07:45:14.794 30758 30945 E GPUAUX  : [AUX]GuiExtAuxCheckAuxPath:663: Null anb
03-02 07:45:14.812 30758 30945 E GPUAUX  : [AUX]GuiExtAuxCheckAuxPath:663: Null anb
03-02 07:45:14.830 30758 30945 E GPUAUX  : [AUX]GuiExtAuxCheckAuxPath:663: Null anb
03-02 07:45:15.012 30758 30945 E GPUAUX  : [AUX]GuiExtAuxCheckAuxPath:663: Null anb
03-02 07:45:15.028 30758 30945 E GPUAUX  : [AUX]GuiExtAuxCheckAuxPath:663: Null anb
03-02 07:45:15.045 30758 30945 E GPUAUX  : [AUX]GuiExtAuxCheckAuxPath:663: Null anb
03-02 07:45:15.065 30758 30945 E GPUAUX  : [AUX]GuiExtAuxCheckAuxPath:663: Null anb
03-02 07:45:15.078 30758 30945 E GPUAUX  : [AUX]GuiExtAuxCheckAuxPath:663: Null anb
03-02 07:45:15.094 30758 30945 E GPUAUX  : [AUX]GuiExtAuxCheckAuxPath:663: Null anb
03-02 07:45:15.112 30758 30945 E GPUAUX  : [AUX]GuiExtAuxCheckAuxPath:663: Null anb
03-02 07:45:15.130 30758 30945 E GPUAUX  : [AUX]GuiExtAuxCheckAuxPath:663: Null anb
03-02 07:45:15.144 30758 30945 E GPUAUX  : [AUX]GuiExtAuxCheckAuxPath:663: Null anb
03-02 07:45:15.161 30758 30945 E GPUAUX  : [AUX]GuiExtAuxCheckAuxPath:663: Null anb
03-02 07:45:15.178 30758 30945 E GPUAUX  : [AUX]GuiExtAuxCheckAuxPath:663: Null anb
03-02 07:45:15.195 30758 30945 E GPUAUX  : [AUX]GuiExtAuxCheckAuxPath:663: Null anb
03-02 07:45:15.213 30758 30945 E GPUAUX  : [AUX]GuiExtAuxCheckAuxPath:663: Null anb
03-02 07:45:15.228 30758 30945 E GPUAUX  : [AUX]GuiExtAuxCheckAuxPath:663: Null anb
03-02 07:45:15.247 30758 30945 E GPUAUX  : [AUX]GuiExtAuxCheckAuxPath:663: Null anb
03-02 07:45:15.265 30758 30945 E GPUAUX  : [AUX]GuiExtAuxCheckAuxPath:663: Null anb
03-02 07:45:15.315 30758 30945 E GPUAUX  : [AUX]GuiExtAuxCheckAuxPath:663: Null anb
03-02 07:45:15.315 30758 30945 E GPUAUX  : [AUX]GuiExtAuxCheckAuxPath:663: Null anb
03-02 07:45:15.316 30758 30945 E GPUAUX  : [AUX]GuiExtAuxCheckAuxPath:663: Null anb
03-02 07:45:15.316 30758 30945 E GPUAUX  : [AUX]GuiExtAuxCheckAuxPath:663: Null anb
03-02 07:45:15.316 30758 30945 E GPUAUX  : [AUX]GuiExtAuxCheckAuxPath:663: Null anb
03-02 07:45:15.316 30758 30945 E GPUAUX  : [AUX]GuiExtAuxCheckAuxPath:663: Null anb
03-02 07:45:15.316 30758 30945 E GPUAUX  : [AUX]GuiExtAuxCheckAuxPath:663: Null anb
03-02 07:45:15.316 30758 30945 E GPUAUX  : [AUX]GuiExtAuxCheckAuxPath:663: Null anb
03-02 07:45:15.325 30758 30945 E GPUAUX  : [AUX]GuiExtAuxCheckAuxPath:663: Null anb
03-02 07:45:15.346 30758 30945 E GPUAUX  : [AUX]GuiExtAuxCheckAuxPath:663: Null anb
03-02 07:45:15.363 30758 30945 E GPUAUX  : [AUX]GuiExtAuxCheckAuxPath:663: Null anb
03-02 07:45:15.379 30758 30945 E GPUAUX  : [AUX]GuiExtAuxCheckAuxPath:663: Null anb
03-02 07:45:15.393 30758 30945 E GPUAUX  : [AUX]GuiExtAuxCheckAuxPath:663: Null anb
03-02 07:45:15.412 30758 30945 E GPUAUX  : [AUX]GuiExtAuxCheckAuxPath:663: Null anb
03-02 07:45:15.429 30758 30945 E GPUAUX  : [AUX]GuiExtAuxCheckAuxPath:663: Null anb
03-02 07:45:15.444 30758 30945 E GPUAUX  : [AUX]GuiExtAuxCheckAuxPath:663: Null anb
03-02 07:45:15.461 30758 30945 E GPUAUX  : [AUX]GuiExtAuxCheckAuxPath:663: Null anb
03-02 07:45:15.478 30758 30945 E GPUAUX  : [AUX]GuiExtAuxCheckAuxPath:663: Null anb
03-02 07:45:15.496 30758 30945 E GPUAUX  : [AUX]GuiExtAuxCheckAuxPath:663: Null anb
03-02 07:45:15.511 30758 30945 E GPUAUX  : [AUX]GuiExtAuxCheckAuxPath:663: Null anb
03-02 07:45:15.528 30758 30945 E GPUAUX  : [AUX]GuiExtAuxCheckAuxPath:663: Null anb
03-02 07:45:15.547 30758 30945 E GPUAUX  : [AUX]GuiExtAuxCheckAuxPath:663: Null anb
03-02 07:45:15.561 30758 30945 E GPUAUX  : [AUX]GuiExtAuxCheckAuxPath:663: Null anb
03-02 07:45:15.577 30758 30945 E GPUAUX  : [AUX]GuiExtAuxCheckAuxPath:663: Null anb
03-02 07:45:15.593 30758 30945 E GPUAUX  : [AUX]GuiExtAuxCheckAuxPath:663: Null anb
03-02 07:45:15.611 30758 30945 E GPUAUX  : [AUX]GuiExtAuxCheckAuxPath:663: Null anb
03-02 07:45:15.629 30758 30945 E GPUAUX  : [AUX]GuiExtAuxCheckAuxPath:663: Null anb
03-02 07:45:15.644 30758 30945 E GPUAUX  : [AUX]GuiExtAuxCheckAuxPath:663: Null anb
03-02 07:45:15.661 30758 30945 E GPUAUX  : [AUX]GuiExtAuxCheckAuxPath:663: Null anb
03-02 07:45:15.679 30758 30945 E GPUAUX  : [AUX]GuiExtAuxCheckAuxPath:663: Null anb
03-02 07:45:15.695 30758 30945 E GPUAUX  : [AUX]GuiExtAuxCheckAuxPath:663: Null anb
03-02 07:45:15.711 30758 30945 E GPUAUX  : [AUX]GuiExtAuxCheckAuxPath:663: Null anb
03-02 07:45:15.728 30758 30945 E GPUAUX  : [AUX]GuiExtAuxCheckAuxPath:663: Null anb
03-02 07:45:15.745 30758 30945 E GPUAUX  : [AUX]GuiExtAuxCheckAuxPath:663: Null anb
03-02 07:45:16.011 30758 30945 E GPUAUX  : [AUX]GuiExtAuxCheckAuxPath:663: Null anb
03-02 07:45:16.027 30758 30945 E GPUAUX  : [AUX]GuiExtAuxCheckAuxPath:663: Null anb
03-02 07:45:16.043 30758 30945 E GPUAUX  : [AUX]GuiExtAuxCheckAuxPath:663: Null anb
03-02 07:45:16.060 30758 30945 E GPUAUX  : [AUX]GuiExtAuxCheckAuxPath:663: Null anb
03-02 07:45:16.077 30758 30945 E GPUAUX  : [AUX]GuiExtAuxCheckAuxPath:663: Null anb
03-02 07:45:16.096 30758 30945 E GPUAUX  : [AUX]GuiExtAuxCheckAuxPath:663: Null anb
03-02 07:45:16.112 30758 30945 E GPUAUX  : [AUX]GuiExtAuxCheckAuxPath:663: Null anb
03-02 07:45:16.128 30758 30945 E GPUAUX  : [AUX]GuiExtAuxCheckAuxPath:663: Null anb
03-02 07:45:16.144 30758 30945 E GPUAUX  : [AUX]GuiExtAuxCheckAuxPath:663: Null anb
03-02 07:45:16.161 30758 30945 E GPUAUX  : [AUX]GuiExtAuxCheckAuxPath:663: Null anb
03-02 07:45:16.177 30758 30945 E GPUAUX  : [AUX]GuiExtAuxCheckAuxPath:663: Null anb
03-02 07:45:16.194 30758 30945 E GPUAUX  : [AUX]GuiExtAuxCheckAuxPath:663: Null anb
03-02 07:45:16.212 30758 30945 E GPUAUX  : [AUX]GuiExtAuxCheckAuxPath:663: Null anb
03-02 07:45:16.229 30758 30945 E GPUAUX  : [AUX]GuiExtAuxCheckAuxPath:663: Null anb
03-02 07:45:16.244 30758 30945 E GPUAUX  : [AUX]GuiExtAuxCheckAuxPath:663: Null anb
03-02 07:45:16.260 30758 30945 E GPUAUX  : [AUX]GuiExtAuxCheckAuxPath:663: Null anb
03-02 07:45:16.277 30758 30945 E GPUAUX  : [AUX]GuiExtAuxCheckAuxPath:663: Null anb
03-02 07:45:16.293 30758 30945 E GPUAUX  : [AUX]GuiExtAuxCheckAuxPath:663: Null anb
03-02 07:45:16.310 30758 30945 E GPUAUX  : [AUX]GuiExtAuxCheckAuxPath:663: Null anb
03-02 07:45:16.329 30758 30945 E GPUAUX  : [AUX]GuiExtAuxCheckAuxPath:663: Null anb
03-02 07:45:16.345 30758 30945 E GPUAUX  : [AUX]GuiExtAuxCheckAuxPath:663: Null anb
03-02 07:45:16.360 30758 30945 E GPUAUX  : [AUX]GuiExtAuxCheckAuxPath:663: Null anb
03-02 07:45:16.377 30758 30945 E GPUAUX  : [AUX]GuiExtAuxCheckAuxPath:663: Null anb
03-02 07:45:16.393 30758 30945 E GPUAUX  : [AUX]GuiExtAuxCheckAuxPath:663: Null anb
03-02 07:45:16.411 30758 30945 E GPUAUX  : [AUX]GuiExtAuxCheckAuxPath:663: Null anb
03-02 07:45:16.427 30758 30945 E GPUAUX  : [AUX]GuiExtAuxCheckAuxPath:663: Null anb
03-02 07:45:16.445 30758 30945 E GPUAUX  : [AUX]GuiExtAuxCheckAuxPath:663: Null anb
03-02 07:45:16.462 30758 30945 E GPUAUX  : [AUX]GuiExtAuxCheckAuxPath:663: Null anb
03-02 07:45:16.478 30758 30945 E GPUAUX  : [AUX]GuiExtAuxCheckAuxPath:663: Null anb
03-02 07:45:16.495 30758 30945 E GPUAUX  : [AUX]GuiExtAuxCheckAuxPath:663: Null anb
03-02 07:45:16.511 30758 30945 E GPUAUX  : [AUX]GuiExtAuxCheckAuxPath:663: Null anb
03-02 07:45:16.528 30758 30945 E GPUAUX  : [AUX]GuiExtAuxCheckAuxPath:663: Null anb
03-02 07:45:16.544 30758 30945 E GPUAUX  : [AUX]GuiExtAuxCheckAuxPath:663: Null anb
03-02 07:45:16.561 30758 30945 E GPUAUX  : [AUX]GuiExtAuxCheckAuxPath:663: Null anb
03-02 07:45:16.577 30758 30945 E GPUAUX  : [AUX]GuiExtAuxCheckAuxPath:663: Null anb
03-02 07:45:16.594 30758 30945 E GPUAUX  : [AUX]GuiExtAuxCheckAuxPath:663: Null anb
03-02 07:45:16.612 30758 30945 E GPUAUX  : [AUX]GuiExtAuxCheckAuxPath:663: Null anb
03-02 07:45:16.627 30758 30945 E GPUAUX  : [AUX]GuiExtAuxCheckAuxPath:663: Null anb
03-02 07:45:16.644 30758 30945 E GPUAUX  : [AUX]GuiExtAuxCheckAuxPath:663: Null anb
03-02 07:45:16.660 30758 30945 E GPUAUX  : [AUX]GuiExtAuxCheckAuxPath:663: Null anb
03-02 07:45:16.681 30758 30945 E GPUAUX  : [AUX]GuiExtAuxCheckAuxPath:663: Null anb
03-02 07:45:16.693 30758 30945 E GPUAUX  : [AUX]GuiExtAuxCheckAuxPath:663: Null anb
03-02 07:45:16.711 30758 30945 E GPUAUX  : [AUX]GuiExtAuxCheckAuxPath:663: Null anb
03-02 07:45:16.727 30758 30945 E GPUAUX  : [AUX]GuiExtAuxCheckAuxPath:663: Null anb
03-02 07:45:16.745 30758 30945 E GPUAUX  : [AUX]GuiExtAuxCheckAuxPath:663: Null anb
03-02 07:45:16.761 30758 30945 E GPUAUX  : [AUX]GuiExtAuxCheckAuxPath:663: Null anb
03-02 07:45:16.776 30758 30945 E GPUAUX  : [AUX]GuiExtAuxCheckAuxPath:663: Null anb
03-02 07:45:16.795 30758 30945 E GPUAUX  : [AUX]GuiExtAuxCheckAuxPath:663: Null anb
03-02 07:45:16.811 30758 30945 E GPUAUX  : [AUX]GuiExtAuxCheckAuxPath:663: Null anb
03-02 07:45:16.826 30758 30945 E GPUAUX  : [AUX]GuiExtAuxCheckAuxPath:663: Null anb
03-02 07:45:17.012 30758 30945 E GPUAUX  : [AUX]GuiExtAuxCheckAuxPath:663: Null anb
03-02 07:45:17.028 30758 30945 E GPUAUX  : [AUX]GuiExtAuxCheckAuxPath:663: Null anb
03-02 07:45:17.043 30758 30945 E GPUAUX  : [AUX]GuiExtAuxCheckAuxPath:663: Null anb
03-02 07:45:17.060 30758 30945 E GPUAUX  : [AUX]GuiExtAuxCheckAuxPath:663: Null anb
03-02 07:45:17.077 30758 30945 E GPUAUX  : [AUX]GuiExtAuxCheckAuxPath:663: Null anb
03-02 07:45:17.094 30758 30945 E GPUAUX  : [AUX]GuiExtAuxCheckAuxPath:663: Null anb
03-02 07:45:17.111 30758 30945 E GPUAUX  : [AUX]GuiExtAuxCheckAuxPath:663: Null anb
03-02 07:45:17.128 30758 30945 E GPUAUX  : [AUX]GuiExtAuxCheckAuxPath:663: Null anb
03-02 07:45:17.143 30758 30945 E GPUAUX  : [AUX]GuiExtAuxCheckAuxPath:663: Null anb
03-02 07:45:17.159 30758 30945 E GPUAUX  : [AUX]GuiExtAuxCheckAuxPath:663: Null anb
03-02 07:45:17.179 30758 30945 E GPUAUX  : [AUX]GuiExtAuxCheckAuxPath:663: Null anb
03-02 07:45:17.194 30758 30945 E GPUAUX  : [AUX]GuiExtAuxCheckAuxPath:663: Null anb
03-02 07:45:17.210 30758 30945 E GPUAUX  : [AUX]GuiExtAuxCheckAuxPath:663: Null anb
03-02 07:45:17.227 30758 30945 E GPUAUX  : [AUX]GuiExtAuxCheckAuxPath:663: Null anb
03-02 07:45:17.244 30758 30945 E GPUAUX  : [AUX]GuiExtAuxCheckAuxPath:663: Null anb
03-02 07:45:17.259 30758 30945 E GPUAUX  : [AUX]GuiExtAuxCheckAuxPath:663: Null anb
03-02 07:45:17.278 30758 30945 E GPUAUX  : [AUX]GuiExtAuxCheckAuxPath:663: Null anb
03-02 07:45:17.293 30758 30945 E GPUAUX  : [AUX]GuiExtAuxCheckAuxPath:663: Null anb
03-02 07:45:17.310 30758 30945 E GPUAUX  : [AUX]GuiExtAuxCheckAuxPath:663: Null anb
03-02 07:45:17.328 30758 30945 E GPUAUX  : [AUX]GuiExtAuxCheckAuxPath:663: Null anb
03-02 07:45:17.345 30758 30945 E GPUAUX  : [AUX]GuiExtAuxCheckAuxPath:663: Null anb
03-02 07:45:17.359 30758 30945 E GPUAUX  : [AUX]GuiExtAuxCheckAuxPath:663: Null anb
03-02 07:45:17.377 30758 30945 E GPUAUX  : [AUX]GuiExtAuxCheckAuxPath:663: Null anb
03-02 07:45:17.394 30758 30945 E GPUAUX  : [AUX]GuiExtAuxCheckAuxPath:663: Null anb
03-02 07:45:17.410 30758 30945 E GPUAUX  : [AUX]GuiExtAuxCheckAuxPath:663: Null anb
03-02 07:45:17.427 30758 30945 E GPUAUX  : [AUX]GuiExtAuxCheckAuxPath:663: Null anb
03-02 07:45:17.445 30758 30945 E GPUAUX  : [AUX]GuiExtAuxCheckAuxPath:663: Null anb
03-02 07:45:17.461 30758 30945 E GPUAUX  : [AUX]GuiExtAuxCheckAuxPath:663: Null anb
03-02 07:45:17.476 30758 30945 E GPUAUX  : [AUX]GuiExtAuxCheckAuxPath:663: Null anb
03-02 07:45:17.494 30758 30945 E GPUAUX  : [AUX]GuiExtAuxCheckAuxPath:663: Null anb
03-02 07:45:17.512 30758 30945 E GPUAUX  : [AUX]GuiExtAuxCheckAuxPath:663: Null anb
03-02 07:45:17.528 30758 30945 E GPUAUX  : [AUX]GuiExtAuxCheckAuxPath:663: Null anb
03-02 07:45:17.544 30758 30945 E GPUAUX  : [AUX]GuiExtAuxCheckAuxPath:663: Null anb
03-02 07:45:17.561 30758 30945 E GPUAUX  : [AUX]GuiExtAuxCheckAuxPath:663: Null anb
03-02 07:45:17.577 30758 30945 E GPUAUX  : [AUX]GuiExtAuxCheckAuxPath:663: Null anb
03-02 07:45:17.592 30758 30945 E GPUAUX  : [AUX]GuiExtAuxCheckAuxPath:663: Null anb
03-02 07:45:17.609 30758 30945 E GPUAUX  : [AUX]GuiExtAuxCheckAuxPath:663: Null anb
03-02 07:45:17.626 30758 30945 E GPUAUX  : [AUX]GuiExtAuxCheckAuxPath:663: Null anb
03-02 07:45:17.642 30758 30945 E GPUAUX  : [AUX]GuiExtAuxCheckAuxPath:663: Null anb
03-02 07:45:17.661 30758 30945 E GPUAUX  : [AUX]GuiExtAuxCheckAuxPath:663: Null anb
03-02 07:45:17.676 30758 30945 E GPUAUX  : [AUX]GuiExtAuxCheckAuxPath:663: Null anb
03-02 07:45:17.692 30758 30945 E GPUAUX  : [AUX]GuiExtAuxCheckAuxPath:663: Null anb
03-02 07:45:17.710 30758 30945 E GPUAUX  : [AUX]GuiExtAuxCheckAuxPath:663: Null anb
03-02 07:45:17.726 30758 30945 E GPUAUX  : [AUX]GuiExtAuxCheckAuxPath:663: Null anb
03-02 07:45:17.743 30758 30945 E GPUAUX  : [AUX]GuiExtAuxCheckAuxPath:663: Null anb
03-02 07:45:17.760 30758 30945 E GPUAUX  : [AUX]GuiExtAuxCheckAuxPath:663: Null anb
03-02 07:45:17.779 30758 30945 E GPUAUX  : [AUX]GuiExtAuxCheckAuxPath:663: Null anb
03-02 07:45:17.793 30758 30945 E GPUAUX  : [AUX]GuiExtAuxCheckAuxPath:663: Null anb
03-02 07:45:17.809 30758 30945 E GPUAUX  : [AUX]GuiExtAuxCheckAuxPath:663: Null anb
03-02 07:45:17.828 30758 30945 E GPUAUX  : [AUX]GuiExtAuxCheckAuxPath:663: Null anb
03-02 07:45:18.009 30758 30945 E GPUAUX  : [AUX]GuiExtAuxCheckAuxPath:663: Null anb
03-02 07:45:18.026 30758 30945 E GPUAUX  : [AUX]GuiExtAuxCheckAuxPath:663: Null anb
03-02 07:45:18.042 30758 30945 E GPUAUX  : [AUX]GuiExtAuxCheckAuxPath:663: Null anb
03-02 07:45:18.066 30758 30945 E GPUAUX  : [AUX]GuiExtAuxCheckAuxPath:663: Null anb
03-02 07:45:18.075 30758 30945 E GPUAUX  : [AUX]GuiExtAuxCheckAuxPath:663: Null anb
03-02 07:45:18.094 30758 30945 E GPUAUX  : [AUX]GuiExtAuxCheckAuxPath:663: Null anb
03-02 07:45:18.108 30758 30945 E GPUAUX  : [AUX]GuiExtAuxCheckAuxPath:663: Null anb
03-02 07:45:18.126 30758 30945 E GPUAUX  : [AUX]GuiExtAuxCheckAuxPath:663: Null anb
03-02 07:45:18.145 30758 30945 E GPUAUX  : [AUX]GuiExtAuxCheckAuxPath:663: Null anb
03-02 07:45:18.158 30758 30945 E GPUAUX  : [AUX]GuiExtAuxCheckAuxPath:663: Null anb
03-02 07:45:18.177 30758 30945 E GPUAUX  : [AUX]GuiExtAuxCheckAuxPath:663: Null anb
03-02 07:45:18.191 30758 30945 E GPUAUX  : [AUX]GuiExtAuxCheckAuxPath:663: Null anb
03-02 07:45:18.209 30758 30945 E GPUAUX  : [AUX]GuiExtAuxCheckAuxPath:663: Null anb
03-02 07:45:18.228 30758 30945 E GPUAUX  : [AUX]GuiExtAuxCheckAuxPath:663: Null anb
03-02 07:45:18.241 30758 30945 E GPUAUX  : [AUX]GuiExtAuxCheckAuxPath:663: Null anb
03-02 07:45:18.258 30758 30945 E GPUAUX  : [AUX]GuiExtAuxCheckAuxPath:663: Null anb
03-02 07:45:18.276 30758 30945 E GPUAUX  : [AUX]GuiExtAuxCheckAuxPath:663: Null anb
03-02 07:45:18.293 30758 30945 E GPUAUX  : [AUX]GuiExtAuxCheckAuxPath:663: Null anb
03-02 07:45:18.310 30758 30945 E GPUAUX  : [AUX]GuiExtAuxCheckAuxPath:663: Null anb
03-02 07:45:18.325 30758 30945 E GPUAUX  : [AUX]GuiExtAuxCheckAuxPath:663: Null anb
03-02 07:45:18.342 30758 30945 E GPUAUX  : [AUX]GuiExtAuxCheckAuxPath:663: Null anb
03-02 07:45:18.360 30758 30945 E GPUAUX  : [AUX]GuiExtAuxCheckAuxPath:663: Null anb
03-02 07:45:18.376 30758 30945 E GPUAUX  : [AUX]GuiExtAuxCheckAuxPath:663: Null anb
03-02 07:45:18.395 30758 30945 E GPUAUX  : [AUX]GuiExtAuxCheckAuxPath:663: Null anb
03-02 07:45:18.408 30758 30945 E GPUAUX  : [AUX]GuiExtAuxCheckAuxPath:663: Null anb
03-02 07:45:18.424 30758 30945 E GPUAUX  : [AUX]GuiExtAuxCheckAuxPath:663: Null anb
03-02 07:45:18.443 30758 30945 E GPUAUX  : [AUX]GuiExtAuxCheckAuxPath:663: Null anb
03-02 07:45:18.460 30758 30945 E GPUAUX  : [AUX]GuiExtAuxCheckAuxPath:663: Null anb
03-02 07:45:18.475 30758 30945 E GPUAUX  : [AUX]GuiExtAuxCheckAuxPath:663: Null anb
03-02 07:45:18.496 30758 30945 E GPUAUX  : [AUX]GuiExtAuxCheckAuxPath:663: Null anb
03-02 07:45:18.509 30758 30945 E GPUAUX  : [AUX]GuiExtAuxCheckAuxPath:663: Null anb
03-02 07:45:18.529 30758 30945 E GPUAUX  : [AUX]GuiExtAuxCheckAuxPath:663: Null anb
03-02 07:45:18.543 30758 30945 E GPUAUX  : [AUX]GuiExtAuxCheckAuxPath:663: Null anb
03-02 07:45:18.559 30758 30945 E GPUAUX  : [AUX]GuiExtAuxCheckAuxPath:663: Null anb
03-02 07:45:18.577 30758 30945 E GPUAUX  : [AUX]GuiExtAuxCheckAuxPath:663: Null anb
03-02 07:45:18.595 30758 30945 E GPUAUX  : [AUX]GuiExtAuxCheckAuxPath:663: Null anb
03-02 07:45:18.610 30758 30945 E GPUAUX  : [AUX]GuiExtAuxCheckAuxPath:663: Null anb
03-02 07:45:18.627 30758 30945 E GPUAUX  : [AUX]GuiExtAuxCheckAuxPath:663: Null anb
03-02 07:45:18.643 30758 30945 E GPUAUX  : [AUX]GuiExtAuxCheckAuxPath:663: Null anb
03-02 07:45:18.661 30758 30945 E GPUAUX  : [AUX]GuiExtAuxCheckAuxPath:663: Null anb
03-02 07:45:18.675 30758 30945 E GPUAUX  : [AUX]GuiExtAuxCheckAuxPath:663: Null anb
03-02 07:45:18.694 30758 30945 E GPUAUX  : [AUX]GuiExtAuxCheckAuxPath:663: Null anb
03-02 07:45:18.710 30758 30945 E GPUAUX  : [AUX]GuiExtAuxCheckAuxPath:663: Null anb
03-02 07:45:18.726 30758 30945 E GPUAUX  : [AUX]GuiExtAuxCheckAuxPath:663: Null anb
03-02 07:45:18.741 30758 30945 E GPUAUX  : [AUX]GuiExtAuxCheckAuxPath:663: Null anb
03-02 07:45:18.761 30758 30945 E GPUAUX  : [AUX]GuiExtAuxCheckAuxPath:663: Null anb
03-02 07:45:18.775 30758 30945 E GPUAUX  : [AUX]GuiExtAuxCheckAuxPath:663: Null anb
03-02 07:45:18.793 30758 30945 E GPUAUX  : [AUX]GuiExtAuxCheckAuxPath:663: Null anb
03-02 07:45:18.810 30758 30945 E GPUAUX  : [AUX]GuiExtAuxCheckAuxPath:663: Null anb
03-02 07:45:18.826 30758 30945 E GPUAUX  : [AUX]GuiExtAuxCheckAuxPath:663: Null anb
03-02 07:45:19.011 30758 30945 E GPUAUX  : [AUX]GuiExtAuxCheckAuxPath:663: Null anb
03-02 07:45:19.027 30758 30945 E GPUAUX  : [AUX]GuiExtAuxCheckAuxPath:663: Null anb
03-02 07:45:19.043 30758 30945 E GPUAUX  : [AUX]GuiExtAuxCheckAuxPath:663: Null anb
03-02 07:45:19.059 30758 30945 E GPUAUX  : [AUX]GuiExtAuxCheckAuxPath:663: Null anb
03-02 07:45:19.076 30758 30945 E GPUAUX  : [AUX]GuiExtAuxCheckAuxPath:663: Null anb
03-02 07:45:19.091 30758 30945 E GPUAUX  : [AUX]GuiExtAuxCheckAuxPath:663: Null anb
03-02 07:45:19.124 30758 30945 E GPUAUX  : [AUX]GuiExtAuxCheckAuxPath:663: Null anb
03-02 07:45:19.124 30758 30945 E GPUAUX  : [AUX]GuiExtAuxCheckAuxPath:663: Null anb
03-02 07:45:19.124 30758 30945 E GPUAUX  : [AUX]GuiExtAuxCheckAuxPath:663: Null anb
03-02 07:45:19.141 30758 30945 E GPUAUX  : [AUX]GuiExtAuxCheckAuxPath:663: Null anb
03-02 07:45:19.141 30758 30945 E GPUAUX  : [AUX]GuiExtAuxCheckAuxPath:663: Null anb
03-02 07:45:19.342 30758 30945 E GPUAUX  : [AUX]GuiExtAuxCheckAuxPath:663: Null anb
03-02 07:45:19.363 30758 30945 E GPUAUX  : [AUX]GuiExtAuxCheckAuxPath:663: Null anb
03-02 07:45:19.374 30758 30945 E GPUAUX  : [AUX]GuiExtAuxCheckAuxPath:663: Null anb
03-02 07:45:19.392 30758 30945 E GPUAUX  : [AUX]GuiExtAuxCheckAuxPath:663: Null anb
03-02 07:45:19.409 30758 30945 E GPUAUX  : [AUX]GuiExtAuxCheckAuxPath:663: Null anb
03-02 07:45:19.426 30758 30945 E GPUAUX  : [AUX]GuiExtAuxCheckAuxPath:663: Null anb
03-02 07:45:19.448 30758 30945 E GPUAUX  : [AUX]GuiExtAuxCheckAuxPath:663: Null anb
03-02 07:45:19.476 30758 30945 E GPUAUX  : [AUX]GuiExtAuxCheckAuxPath:663: Null anb
03-02 07:45:19.492 30758 30945 E GPUAUX  : [AUX]GuiExtAuxCheckAuxPath:663: Null anb
03-02 07:45:19.509 30758 30945 E GPUAUX  : [AUX]GuiExtAuxCheckAuxPath:663: Null anb
03-02 07:45:19.526 30758 30945 E GPUAUX  : [AUX]GuiExtAuxCheckAuxPath:663: Null anb
03-02 07:45:19.543 30758 30945 E GPUAUX  : [AUX]GuiExtAuxCheckAuxPath:663: Null anb
03-02 07:45:19.560 30758 30945 E GPUAUX  : [AUX]GuiExtAuxCheckAuxPath:663: Null anb
03-02 07:45:19.574 30758 30945 E GPUAUX  : [AUX]GuiExtAuxCheckAuxPath:663: Null anb
03-02 07:45:19.594 30758 30945 E GPUAUX  : [AUX]GuiExtAuxCheckAuxPath:663: Null anb
03-02 07:45:19.609 30758 30945 E GPUAUX  : [AUX]GuiExtAuxCheckAuxPath:663: Null anb
03-02 07:45:19.625 30758 30945 E GPUAUX  : [AUX]GuiExtAuxCheckAuxPath:663: Null anb
03-02 07:45:19.642 30758 30945 E GPUAUX  : [AUX]GuiExtAuxCheckAuxPath:663: Null anb
03-02 07:45:19.660 30758 30945 E GPUAUX  : [AUX]GuiExtAuxCheckAuxPath:663: Null anb
03-02 07:45:19.676 30758 30945 E GPUAUX  : [AUX]GuiExtAuxCheckAuxPath:663: Null anb
03-02 07:45:19.694 30758 30945 E GPUAUX  : [AUX]GuiExtAuxCheckAuxPath:663: Null anb
03-02 07:45:19.710 30758 30945 E GPUAUX  : [AUX]GuiExtAuxCheckAuxPath:663: Null anb
03-02 07:45:19.724 30758 30945 E GPUAUX  : [AUX]GuiExtAuxCheckAuxPath:663: Null anb
03-02 07:45:19.742 30758 30945 E GPUAUX  : [AUX]GuiExtAuxCheckAuxPath:663: Null anb
03-02 07:45:19.760 30758 30945 E GPUAUX  : [AUX]GuiExtAuxCheckAuxPath:663: Null anb
03-02 07:45:19.775 30758 30945 E GPUAUX  : [AUX]GuiExtAuxCheckAuxPath:663: Null anb
03-02 07:45:19.792 30758 30945 E GPUAUX  : [AUX]GuiExtAuxCheckAuxPath:663: Null anb
03-02 07:45:19.809 30758 30945 E GPUAUX  : [AUX]GuiExtAuxCheckAuxPath:663: Null anb
03-02 07:45:19.826 30758 30945 E GPUAUX  : [AUX]GuiExtAuxCheckAuxPath:663: Null anb
03-02 07:45:19.841 30758 30945 E GPUAUX  : [AUX]GuiExtAuxCheckAuxPath:663: Null anb
03-02 07:45:19.860 30758 30945 E GPUAUX  : [AUX]GuiExtAuxCheckAuxPath:663: Null anb
03-02 07:45:19.876 30758 30945 E GPUAUX  : [AUX]GuiExtAuxCheckAuxPath:663: Null anb
03-02 07:45:19.892 30758 30945 E GPUAUX  : [AUX]GuiExtAuxCheckAuxPath:663: Null anb
03-02 07:45:19.909 30758 30945 E GPUAUX  : [AUX]GuiExtAuxCheckAuxPath:663: Null anb
03-02 07:45:19.925 30758 30945 E GPUAUX  : [AUX]GuiExtAuxCheckAuxPath:663: Null anb
03-02 07:45:19.941 30758 30945 E GPUAUX  : [AUX]GuiExtAuxCheckAuxPath:663: Null anb
03-02 07:45:19.959 30758 30945 E GPUAUX  : [AUX]GuiExtAuxCheckAuxPath:663: Null anb
03-02 07:45:19.977 30758 30945 E GPUAUX  : [AUX]GuiExtAuxCheckAuxPath:663: Null anb
03-02 07:45:19.993 30758 30945 E GPUAUX  : [AUX]GuiExtAuxCheckAuxPath:663: Null anb
03-02 07:45:20.009 30758 30945 E GPUAUX  : [AUX]GuiExtAuxCheckAuxPath:663: Null anb
03-02 07:45:20.026 30758 30945 E GPUAUX  : [AUX]GuiExtAuxCheckAuxPath:663: Null anb
03-02 07:45:20.040 30758 30945 E GPUAUX  : [AUX]GuiExtAuxCheckAuxPath:663: Null anb
03-02 07:45:20.060 30758 30945 E GPUAUX  : [AUX]GuiExtAuxCheckAuxPath:663: Null anb
03-02 07:45:20.075 30758 30945 E GPUAUX  : [AUX]GuiExtAuxCheckAuxPath:663: Null anb
03-02 07:45:20.092 30758 30945 E GPUAUX  : [AUX]GuiExtAuxCheckAuxPath:663: Null anb
03-02 07:45:20.108 30758 30945 E GPUAUX  : [AUX]GuiExtAuxCheckAuxPath:663: Null anb
03-02 07:45:20.124 30758 30945 E GPUAUX  : [AUX]GuiExtAuxCheckAuxPath:663: Null anb
03-02 07:45:20.144 30758 30945 E GPUAUX  : [AUX]GuiExtAuxCheckAuxPath:663: Null anb
03-02 07:45:20.158 30758 30945 E GPUAUX  : [AUX]GuiExtAuxCheckAuxPath:663: Null anb
03-02 07:45:20.176 30758 30945 E GPUAUX  : [AUX]GuiExtAuxCheckAuxPath:663: Null anb
03-02 07:45:20.192 30758 30945 E GPUAUX  : [AUX]GuiExtAuxCheckAuxPath:663: Null anb
03-02 07:45:20.210 30758 30945 E GPUAUX  : [AUX]GuiExtAuxCheckAuxPath:663: Null anb
03-02 07:45:20.225 30758 30945 E GPUAUX  : [AUX]GuiExtAuxCheckAuxPath:663: Null anb
03-02 07:45:20.242 30758 30945 E GPUAUX  : [AUX]GuiExtAuxCheckAuxPath:663: Null anb
03-02 07:45:20.258 30758 30945 E GPUAUX  : [AUX]GuiExtAuxCheckAuxPath:663: Null anb
03-02 07:45:20.275 30758 30945 E GPUAUX  : [AUX]GuiExtAuxCheckAuxPath:663: Null anb
03-02 07:45:20.292 30758 30945 E GPUAUX  : [AUX]GuiExtAuxCheckAuxPath:663: Null anb
03-02 07:45:20.307 30758 30945 E GPUAUX  : [AUX]GuiExtAuxCheckAuxPath:663: Null anb
03-02 07:45:20.328 30758 30945 E GPUAUX  : [AUX]GuiExtAuxCheckAuxPath:663: Null anb
03-02 07:45:20.341 30758 30945 E GPUAUX  : [AUX]GuiExtAuxCheckAuxPath:663: Null anb
03-02 07:45:20.358 30758 30945 E GPUAUX  : [AUX]GuiExtAuxCheckAuxPath:663: Null anb
03-02 07:45:20.376 30758 30945 E GPUAUX  : [AUX]GuiExtAuxCheckAuxPath:663: Null anb
03-02 07:45:20.390 30758 30945 E GPUAUX  : [AUX]GuiExtAuxCheckAuxPath:663: Null anb
03-02 07:45:20.728 30758 30945 E GPUAUX  : [AUX]GuiExtAuxCheckAuxPath:663: Null anb
03-02 07:45:20.740 30758 30945 E GPUAUX  : [AUX]GuiExtAuxCheckAuxPath:663: Null anb
03-02 07:45:20.755 30758 30945 E GPUAUX  : [AUX]GuiExtAuxCheckAuxPath:663: Null anb
03-02 07:45:20.771 30758 30945 E GPUAUX  : [AUX]GuiExtAuxCheckAuxPath:663: Null anb
03-02 07:45:20.789 30758 30945 E GPUAUX  : [AUX]GuiExtAuxCheckAuxPath:663: Null anb
03-02 07:45:20.805 30758 30945 E GPUAUX  : [AUX]GuiExtAuxCheckAuxPath:663: Null anb
03-02 07:45:20.825 30758 30945 E GPUAUX  : [AUX]GuiExtAuxCheckAuxPath:663: Null anb
03-02 07:45:20.841 30758 30945 E GPUAUX  : [AUX]GuiExtAuxCheckAuxPath:663: Null anb
03-02 07:45:20.857 30758 30945 E GPUAUX  : [AUX]GuiExtAuxCheckAuxPath:663: Null anb
03-02 07:45:20.873 30758 30945 E GPUAUX  : [AUX]GuiExtAuxCheckAuxPath:663: Null anb
03-02 07:45:20.890 30758 30945 E GPUAUX  : [AUX]GuiExtAuxCheckAuxPath:663: Null anb
03-02 07:45:20.906 30758 30945 E GPUAUX  : [AUX]GuiExtAuxCheckAuxPath:663: Null anb
03-02 07:45:20.923 30758 30945 E GPUAUX  : [AUX]GuiExtAuxCheckAuxPath:663: Null anb
03-02 07:45:20.941 30758 30945 E GPUAUX  : [AUX]GuiExtAuxCheckAuxPath:663: Null anb
03-02 07:45:20.957 30758 30945 E GPUAUX  : [AUX]GuiExtAuxCheckAuxPath:663: Null anb
03-02 07:45:20.973 30758 30945 E GPUAUX  : [AUX]GuiExtAuxCheckAuxPath:663: Null anb
03-02 07:45:20.990 30758 30945 E GPUAUX  : [AUX]GuiExtAuxCheckAuxPath:663: Null anb
03-02 07:45:21.006 30758 30945 E GPUAUX  : [AUX]GuiExtAuxCheckAuxPath:663: Null anb
03-02 07:45:21.023 30758 30945 E GPUAUX  : [AUX]GuiExtAuxCheckAuxPath:663: Null anb
03-02 07:45:21.040 30758 30945 E GPUAUX  : [AUX]GuiExtAuxCheckAuxPath:663: Null anb
03-02 07:45:21.057 30758 30945 E GPUAUX  : [AUX]GuiExtAuxCheckAuxPath:663: Null anb
03-02 07:45:21.073 30758 30945 E GPUAUX  : [AUX]GuiExtAuxCheckAuxPath:663: Null anb
03-02 07:45:21.090 30758 30945 E GPUAUX  : [AUX]GuiExtAuxCheckAuxPath:663: Null anb
03-02 07:45:21.107 30758 30945 E GPUAUX  : [AUX]GuiExtAuxCheckAuxPath:663: Null anb
03-02 07:45:21.123 30758 30945 E GPUAUX  : [AUX]GuiExtAuxCheckAuxPath:663: Null anb
03-02 07:45:21.140 30758 30945 E GPUAUX  : [AUX]GuiExtAuxCheckAuxPath:663: Null anb
03-02 07:45:21.157 30758 30945 E GPUAUX  : [AUX]GuiExtAuxCheckAuxPath:663: Null anb
03-02 07:45:21.173 30758 30945 E GPUAUX  : [AUX]GuiExtAuxCheckAuxPath:663: Null anb
03-02 07:45:21.190 30758 30945 E GPUAUX  : [AUX]GuiExtAuxCheckAuxPath:663: Null anb
03-02 07:45:21.207 30758 30945 E GPUAUX  : [AUX]GuiExtAuxCheckAuxPath:663: Null anb
03-02 07:45:21.224 30758 30945 E GPUAUX  : [AUX]GuiExtAuxCheckAuxPath:663: Null anb
03-02 07:45:21.240 30758 30945 E GPUAUX  : [AUX]GuiExtAuxCheckAuxPath:663: Null anb
03-02 07:45:21.256 30758 30945 E GPUAUX  : [AUX]GuiExtAuxCheckAuxPath:663: Null anb
03-02 07:45:21.273 30758 30945 E GPUAUX  : [AUX]GuiExtAuxCheckAuxPath:663: Null anb
03-02 07:45:21.291 30758 30945 E GPUAUX  : [AUX]GuiExtAuxCheckAuxPath:663: Null anb
03-02 07:45:21.307 30758 30945 E GPUAUX  : [AUX]GuiExtAuxCheckAuxPath:663: Null anb
03-02 07:45:21.323 30758 30945 E GPUAUX  : [AUX]GuiExtAuxCheckAuxPath:663: Null anb
03-02 07:45:21.340 30758 30945 E GPUAUX  : [AUX]GuiExtAuxCheckAuxPath:663: Null anb
03-02 07:45:21.356 30758 30945 E GPUAUX  : [AUX]GuiExtAuxCheckAuxPath:663: Null anb
03-02 07:45:21.373 30758 30945 E GPUAUX  : [AUX]GuiExtAuxCheckAuxPath:663: Null anb
03-02 07:45:21.389 30758 30945 E GPUAUX  : [AUX]GuiExtAuxCheckAuxPath:663: Null anb
03-02 07:45:21.407 30758 30945 E GPUAUX  : [AUX]GuiExtAuxCheckAuxPath:663: Null anb
03-02 07:45:21.423 30758 30945 E GPUAUX  : [AUX]GuiExtAuxCheckAuxPath:663: Null anb
03-02 07:45:21.440 30758 30945 E GPUAUX  : [AUX]GuiExtAuxCheckAuxPath:663: Null anb
03-02 07:45:21.457 30758 30945 E GPUAUX  : [AUX]GuiExtAuxCheckAuxPath:663: Null anb
03-02 07:45:21.473 30758 30945 E GPUAUX  : [AUX]GuiExtAuxCheckAuxPath:663: Null anb
03-02 07:45:21.490 30758 30945 E GPUAUX  : [AUX]GuiExtAuxCheckAuxPath:663: Null anb
03-02 07:45:21.506 30758 30945 E GPUAUX  : [AUX]GuiExtAuxCheckAuxPath:663: Null anb
03-02 07:45:21.522 30758 30945 E GPUAUX  : [AUX]GuiExtAuxCheckAuxPath:663: Null anb
03-02 07:45:21.540 30758 30945 E GPUAUX  : [AUX]GuiExtAuxCheckAuxPath:663: Null anb
03-02 07:45:21.556 30758 30945 E GPUAUX  : [AUX]GuiExtAuxCheckAuxPath:663: Null anb
03-02 07:45:21.573 30758 30945 E GPUAUX  : [AUX]GuiExtAuxCheckAuxPath:663: Null anb
03-02 07:45:21.590 30758 30945 E GPUAUX  : [AUX]GuiExtAuxCheckAuxPath:663: Null anb
03-02 07:45:21.608 30758 30945 E GPUAUX  : [AUX]GuiExtAuxCheckAuxPath:663: Null anb
03-02 07:45:21.624 30758 30945 E GPUAUX  : [AUX]GuiExtAuxCheckAuxPath:663: Null anb
03-02 07:45:21.640 30758 30945 E GPUAUX  : [AUX]GuiExtAuxCheckAuxPath:663: Null anb
03-02 07:45:21.658 30758 30945 E GPUAUX  : [AUX]GuiExtAuxCheckAuxPath:663: Null anb
03-02 07:45:21.673 30758 30945 E GPUAUX  : [AUX]GuiExtAuxCheckAuxPath:663: Null anb
03-02 07:45:21.689 30758 30945 E GPUAUX  : [AUX]GuiExtAuxCheckAuxPath:663: Null anb
03-02 07:45:21.707 30758 30945 E GPUAUX  : [AUX]GuiExtAuxCheckAuxPath:663: Null anb
03-02 07:45:21.725 30758 30945 E GPUAUX  : [AUX]GuiExtAuxCheckAuxPath:663: Null anb
03-02 07:45:21.740 30758 30945 E GPUAUX  : [AUX]GuiExtAuxCheckAuxPath:663: Null anb
03-02 07:45:21.756 30758 30945 E GPUAUX  : [AUX]GuiExtAuxCheckAuxPath:663: Null anb
