03-02 07:45:47.332 30758 30945 E GPUAUX  : [AUX]GuiExtAuxCheckAuxPath:663: Null anb
03-02 07:45:47.333 30758 30945 E GPUAUX  : [AUX]GuiExtAuxCheckAuxPath:663: Null anb
03-02 07:45:47.348 30758 30945 E GPUAUX  : [AUX]GuiExtAuxCheckAuxPath:663: Null anb
03-02 07:45:47.348 30758 30945 E GPUAUX  : [AUX]GuiExtAuxCheckAuxPath:663: Null anb
03-02 07:45:47.348 30758 30945 E GPUAUX  : [AUX]GuiExtAuxCheckAuxPath:663: Null anb
03-02 07:45:47.348 30758 30945 E GPUAUX  : [AUX]GuiExtAuxCheckAuxPath:663: Null anb
03-02 07:45:47.730   746   817 I libPowerHal: [updateFPS] pid(30758) : -1 => 60
03-02 07:45:47.731   746   829 I libPowerHal: [perfNotifyAppState] pack:com.globe.gcash.android, act:com.alibaba.griver.core.ui.activity.GriverBaseActivity$Main, state:5, pid:30758, uid:10292, fps:60
03-02 07:45:48.238 30758 30945 E GPUAUX  : [AUX]GuiExtAuxCheckAuxPath:663: Null anb
03-02 07:45:48.249 30758 30945 E GPUAUX  : [AUX]GuiExtAuxCheckAuxPath:663: Null anb
03-02 07:45:48.249 30758 30945 E GPUAUX  : [AUX]GuiExtAuxCheckAuxPath:663: Null anb
03-02 07:45:48.249 30758 30945 E GPUAUX  : [AUX]GuiExtAuxCheckAuxPath:663: Null anb
03-02 07:45:48.249 30758 30945 E GPUAUX  : [AUX]GuiExtAuxCheckAuxPath:663: Null anb
03-02 07:45:48.249 30758 30945 E GPUAUX  : [AUX]GuiExtAuxCheckAuxPath:663: Null anb
03-02 07:45:48.249 30758 30945 E GPUAUX  : [AUX]GuiExtAuxCheckAuxPath:663: Null anb
03-02 07:45:48.249 30758 30945 E GPUAUX  : [AUX]GuiExtAuxCheckAuxPath:663: Null anb
03-02 07:45:48.249 30758 30945 E GPUAUX  : [AUX]GuiExtAuxCheckAuxPath:663: Null anb
03-02 07:45:49.890 30758 30945 E GPUAUX  : [AUX]GuiExtAuxCheckAuxPath:663: Null anb
03-02 07:45:49.891 30758 30945 E GPUAUX  : [AUX]GuiExtAuxCheckAuxPath:663: Null anb
03-02 07:45:49.891 30758 30945 E GPUAUX  : [AUX]GuiExtAuxCheckAuxPath:663: Null anb
03-02 07:45:49.891 30758 30945 E GPUAUX  : [AUX]GuiExtAuxCheckAuxPath:663: Null anb
03-02 07:45:49.891 30758 30945 E GPUAUX  : [AUX]GuiExtAuxCheckAuxPath:663: Null anb
03-02 07:45:49.892 30758 30945 E GPUAUX  : [AUX]GuiExtAuxCheckAuxPath:663: Null anb
03-02 07:45:49.892 30758 30945 E GPUAUX  : [AUX]GuiExtAuxCheckAuxPath:663: Null anb
03-02 07:45:49.922 30758 30945 E GPUAUX  : [AUX]GuiExtAuxCheckAuxPath:663: Null anb
03-02 07:45:49.922 30758 30945 E GPUAUX  : [AUX]GuiExtAuxCheckAuxPath:663: Null anb
03-02 07:45:49.922 30758 30945 E GPUAUX  : [AUX]GuiExtAuxCheckAuxPath:663: Null anb
03-02 07:45:49.923 30758 30945 E GPUAUX  : [AUX]GuiExtAuxCheckAuxPath:663: Null anb
03-02 07:45:49.923 30758 30945 E GPUAUX  : [AUX]GuiExtAuxCheckAuxPath:663: Null anb
03-02 07:45:49.923 30758 30945 E GPUAUX  : [AUX]GuiExtAuxCheckAuxPath:663: Null anb
03-02 07:45:49.923 30758 30945 E GPUAUX  : [AUX]GuiExtAuxCheckAuxPath:663: Null anb
03-02 07:45:49.923 30758 30945 E GPUAUX  : [AUX]GuiExtAuxCheckAuxPath:663: Null anb
03-02 07:45:49.923 30758 30945 E GPUAUX  : [AUX]GuiExtAuxCheckAuxPath:663: Null anb
03-02 07:45:49.923 30758 30945 E GPUAUX  : [AUX]GuiExtAuxCheckAuxPath:663: Null anb
03-02 07:45:50.622 30758 30945 E GPUAUX  : [AUX]GuiExtAuxCheckAuxPath:663: Null anb
03-02 07:45:50.771 30758 30945 E GPUAUX  : [AUX]GuiExtAuxCheckAuxPath:663: Null anb
03-02 07:45:50.821 30758 30945 E GPUAUX  : [AUX]GuiExtAuxCheckAuxPath:663: Null anb
03-02 07:45:50.986 30758 30945 E GPUAUX  : [AUX]GuiExtAuxCheckAuxPath:663: Null anb
03-02 07:45:51.553 30758 30945 E GPUAUX  : [AUX]GuiExtAuxCheckAuxPath:663: Null anb
03-02 07:45:52.205 30758 30945 E GPUAUX  : [AUX]GuiExtAuxCheckAuxPath:663: Null anb
03-02 07:45:52.205 30758 30945 E GPUAUX  : [AUX]GuiExtAuxCheckAuxPath:663: Null anb
03-02 07:45:52.206 30758 30945 E GPUAUX  : [AUX]GuiExtAuxCheckAuxPath:663: Null anb
03-02 07:45:52.206 30758 30945 E GPUAUX  : [AUX]GuiExtAuxCheckAuxPath:663: Null anb
03-02 07:46:04.945 30758 30945 E GPUAUX  : [AUX]GuiExtAuxCheckAuxPath:663: Null anb
03-02 07:46:04.945 30758 30945 E GPUAUX  : [AUX]GuiExtAuxCheckAuxPath:663: Null anb
03-02 07:46:04.945 30758 30945 E GPUAUX  : [AUX]GuiExtAuxCheckAuxPath:663: Null anb
03-02 07:46:04.945 30758 30945 E GPUAUX  : [AUX]GuiExtAuxCheckAuxPath:663: Null anb
03-02 07:46:04.946 30758 30945 E GPUAUX  : [AUX]GuiExtAuxCheckAuxPath:663: Null anb
03-02 07:46:04.946 30758 30945 E GPUAUX  : [AUX]GuiExtAuxCheckAuxPath:663: Null anb
03-02 07:46:04.982 30758 30945 E GPUAUX  : [AUX]GuiExtAuxCheckAuxPath:663: Null anb
03-02 07:46:04.982 30758 30945 E GPUAUX  : [AUX]GuiExtAuxCheckAuxPath:663: Null anb
03-02 07:46:04.982 30758 30945 E GPUAUX  : [AUX]GuiExtAuxCheckAuxPath:663: Null anb
03-02 07:46:04.982 30758 30945 E GPUAUX  : [AUX]GuiExtAuxCheckAuxPath:663: Null anb
03-02 07:46:06.734   746   817 I libPowerHal: [updateFPS] pid(30758) : 60 => -1
03-02 07:46:06.735   746   829 I libPowerHal: [perfNotifyAppState] pack:com.globe.gcash.android, act:com.alibaba.griver.core.ui.activity.GriverBaseActivity$Main, state:5, pid:30758, uid:10292, fps:-1
03-02 07:46:15.620 30758 30945 E GPUAUX  : [AUX]GuiExtAuxCheckAuxPath:663: Null anb
03-02 07:46:15.621 30758 30945 E GPUAUX  : [AUX]GuiExtAuxCheckAuxPath:663: Null anb
03-02 07:46:15.621 30758 30945 E GPUAUX  : [AUX]GuiExtAuxCheckAuxPath:663: Null anb
03-02 07:46:15.621 30758 30945 E GPUAUX  : [AUX]GuiExtAuxCheckAuxPath:663: Null anb
03-02 07:46:15.621 30758 30945 E GPUAUX  : [AUX]GuiExtAuxCheckAuxPath:663: Null anb
03-02 07:46:15.697 30758 30945 E GPUAUX  : [AUX]GuiExtAuxCheckAuxPath:663: Null anb
03-02 07:46:15.697 30758 30945 E GPUAUX  : [AUX]GuiExtAuxCheckAuxPath:663: Null anb
03-02 07:46:15.698 30758 30945 E GPUAUX  : [AUX]GuiExtAuxCheckAuxPath:663: Null anb
03-02 07:46:15.698 30758 30945 E GPUAUX  : [AUX]GuiExtAuxCheckAuxPath:663: Null anb
03-02 07:46:15.724 30758 30945 E GPUAUX  : [AUX]GuiExtAuxCheckAuxPath:663: Null anb
03-02 07:46:15.724 30758 30945 E GPUAUX  : [AUX]GuiExtAuxCheckAuxPath:663: Null anb
03-02 07:46:15.725 30758 30945 E GPUAUX  : [AUX]GuiExtAuxCheckAuxPath:663: Null anb
03-02 07:46:15.725 30758 30945 E GPUAUX  : [AUX]GuiExtAuxCheckAuxPath:663: Null anb
03-02 07:46:15.725 30758 30945 E GPUAUX  : [AUX]GuiExtAuxCheckAuxPath:663: Null anb
03-02 07:46:17.140 30758 30945 E GPUAUX  : [AUX]GuiExtAuxCheckAuxPath:663: Null anb
03-02 07:46:17.141 30758 30945 E GPUAUX  : [AUX]GuiExtAuxCheckAuxPath:663: Null anb
03-02 07:46:17.142 30758 30945 E GPUAUX  : [AUX]GuiExtAuxCheckAuxPath:663: Null anb
03-02 07:46:17.143 30758 30945 E GPUAUX  : [AUX]GuiExtAuxCheckAuxPath:663: Null anb
03-02 07:46:17.143 30758 30945 E GPUAUX  : [AUX]GuiExtAuxCheckAuxPath:663: Null anb
03-02 07:46:17.143 30758 30945 E GPUAUX  : [AUX]GuiExtAuxCheckAuxPath:663: Null anb
03-02 07:46:17.143 30758 30945 E GPUAUX  : [AUX]GuiExtAuxCheckAuxPath:663: Null anb
03-02 07:46:17.144 30758 30945 E GPUAUX  : [AUX]GuiExtAuxCheckAuxPath:663: Null anb
03-02 07:46:17.196 30758 30945 E GPUAUX  : [AUX]GuiExtAuxCheckAuxPath:663: Null anb
03-02 07:46:17.197 30758 30945 E GPUAUX  : [AUX]GuiExtAuxCheckAuxPath:663: Null anb
03-02 07:46:17.197 30758 30945 E GPUAUX  : [AUX]GuiExtAuxCheckAuxPath:663: Null anb
03-02 07:46:17.197 30758 30945 E GPUAUX  : [AUX]GuiExtAuxCheckAuxPath:663: Null anb
03-02 07:46:17.197 30758 30945 E GPUAUX  : [AUX]GuiExtAuxCheckAuxPath:663: Null anb
03-02 07:46:17.197 30758 30945 E GPUAUX  : [AUX]GuiExtAuxCheckAuxPath:663: Null anb
03-02 07:46:17.477 30758 30945 E GPUAUX  : [AUX]GuiExtAuxCheckAuxPath:663: Null anb
03-02 07:46:17.888 30758 30945 E GPUAUX  : [AUX]GuiExtAuxCheckAuxPath:663: Null anb
03-02 07:46:17.889 30758 30945 E GPUAUX  : [AUX]GuiExtAuxCheckAuxPath:663: Null anb
03-02 07:46:17.889 30758 30945 E GPUAUX  : [AUX]GuiExtAuxCheckAuxPath:663: Null anb
03-02 07:46:17.889 30758 30945 E GPUAUX  : [AUX]GuiExtAuxCheckAuxPath:663: Null anb
03-02 07:46:17.889 30758 30945 E GPUAUX  : [AUX]GuiExtAuxCheckAuxPath:663: Null anb
03-02 07:46:17.889 30758 30945 E GPUAUX  : [AUX]GuiExtAuxCheckAuxPath:663: Null anb
03-02 07:46:17.889 30758 30945 E GPUAUX  : [AUX]GuiExtAuxCheckAuxPath:663: Null anb
03-02 07:46:17.889 30758 30945 E GPUAUX  : [AUX]GuiExtAuxCheckAuxPath:663: Null anb
03-02 07:46:17.889 30758 30945 E GPUAUX  : [AUX]GuiExtAuxCheckAuxPath:663: Null anb
03-02 07:46:17.889 30758 30945 E GPUAUX  : [AUX]GuiExtAuxCheckAuxPath:663: Null anb
03-02 07:46:17.889 30758 30945 E GPUAUX  : [AUX]GuiExtAuxCheckAuxPath:663: Null anb
03-02 07:46:17.917 30758 30945 E GPUAUX  : [AUX]GuiExtAuxCheckAuxPath:663: Null anb
03-02 07:46:17.917 30758 30945 E GPUAUX  : [AUX]GuiExtAuxCheckAuxPath:663: Null anb
03-02 07:46:17.917 30758 30945 E GPUAUX  : [AUX]GuiExtAuxCheckAuxPath:663: Null anb
03-02 07:46:17.918 30758 30945 E GPUAUX  : [AUX]GuiExtAuxCheckAuxPath:663: Null anb
03-02 07:46:18.427 30758 30945 E GPUAUX  : [AUX]GuiExtAuxCheckAuxPath:663: Null anb
03-02 07:46:18.427 30758 30945 E GPUAUX  : [AUX]GuiExtAuxCheckAuxPath:663: Null anb
03-02 07:46:18.427 30758 30945 E GPUAUX  : [AUX]GuiExtAuxCheckAuxPath:663: Null anb
03-02 07:46:18.427 30758 30945 E GPUAUX  : [AUX]GuiExtAuxCheckAuxPath:663: Null anb
03-02 07:46:19.738   746   817 I libPowerHal: [updateFPS] pid(30758) : -1 => 60
03-02 07:46:19.739   746   829 I libPowerHal: [perfNotifyAppState] pack:com.globe.gcash.android, act:com.alibaba.griver.core.ui.activity.GriverBaseActivity$Main, state:5, pid:30758, uid:10292, fps:60
03-02 07:46:34.888 30758 30945 E GPUAUX  : [AUX]GuiExtAuxCheckAuxPath:663: Null anb
03-02 07:46:34.909 30758 30758 E _V_SensorManager: unregisterListenerImpl listener=com.facebook.appevents.codeless.ViewIndexingTrigger@a1fc9dcsensor=NULL num: 1
03-02 07:46:34.924   746   829 I libPowerHal: [perfNotifyAppState] pack:com.globe.gcash.android, act:com.alibaba.griver.core.ui.activity.GriverBaseActivity$Main, state:1, pid:30758, uid:10292, fps:60
03-02 07:46:34.932   746   829 I libPowerHal: [perfNotifyAppState] pack:com.globe.gcash.android, act:com.alibaba.griver.core.ui.activity.GriverBaseActivity$Main, state:0, pid:30758, uid:10292, fps:60
03-02 07:46:34.977 30758 30758 E _V_SensorManager: registerListenerImpl type:1 strType=android.sensor.accelerometer delay:66667 maxLatency:0 by: class com.facebook.appevents.codeless.ViewIndexingTrigger num: 0
03-02 07:46:35.328   746   829 I libPowerHal: [perfNotifyAppState] pack:com.globe.gcash.android, act:com.alibaba.griver.core.ui.activity.GriverBaseActivity$Main, state:0, pid:30758, uid:10292, fps:60
03-02 07:46:36.741   746   817 I libPowerHal: [updateFPS] pid(30758) : 60 => -1
03-02 07:46:36.742   746   829 I libPowerHal: [perfNotifyAppState] pack:com.globe.gcash.android, act:com.alibaba.griver.core.ui.activity.GriverBaseActivity$Main, state:5, pid:30758, uid:10292, fps:-1
03-02 07:46:37.742   746   817 I libPowerHal: [updateFPS] pid(30758) : -1 => 60
03-02 07:46:37.743   746   829 I libPowerHal: [perfNotifyAppState] pack:com.globe.gcash.android, act:com.alibaba.griver.core.ui.activity.GriverBaseActivity$Main, state:5, pid:30758, uid:10292, fps:60
03-02 07:46:38.742   746   817 I libPowerHal: [updateFPS] pid(30758) : 60 => -1
03-02 07:46:38.743   746   829 I libPowerHal: [perfNotifyAppState] pack:com.globe.gcash.android, act:com.alibaba.griver.core.ui.activity.GriverBaseActivity$Main, state:5, pid:30758, uid:10292, fps:-1
03-02 07:47:10.921 30758 30945 E GPUAUX  : [AUX]GuiExtAuxCheckAuxPath:663: Null anb
03-02 07:47:10.921 30758 30945 E GPUAUX  : [AUX]GuiExtAuxCheckAuxPath:663: Null anb
03-02 07:47:11.882 30758 30945 E GPUAUX  : [AUX]GuiExtAuxCheckAuxPath:663: Null anb
03-02 07:47:11.883 30758 30945 E GPUAUX  : [AUX]GuiExtAuxCheckAuxPath:663: Null anb
03-02 07:47:11.883 30758 30945 E GPUAUX  : [AUX]GuiExtAuxCheckAuxPath:663: Null anb
03-02 07:47:11.883 30758 30945 E GPUAUX  : [AUX]GuiExtAuxCheckAuxPath:663: Null anb
03-02 07:47:11.935   746   817 I libPowerHal: [updateFPS] pid(30758) : -1 => 60
03-02 07:47:11.936   746   829 I libPowerHal: [perfNotifyAppState] pack:com.globe.gcash.android, act:com.alibaba.griver.core.ui.activity.GriverBaseActivity$Main, state:5, pid:30758, uid:10292, fps:60
03-02 07:47:12.031 30758 30945 E GPUAUX  : [AUX]GuiExtAuxCheckAuxPath:663: Null anb
03-02 07:47:12.031 30758 30945 E GPUAUX  : [AUX]GuiExtAuxCheckAuxPath:663: Null anb
03-02 07:47:12.031 30758 30945 E GPUAUX  : [AUX]GuiExtAuxCheckAuxPath:663: Null anb
03-02 07:47:12.031 30758 30945 E GPUAUX  : [AUX]GuiExtAuxCheckAuxPath:663: Null anb
03-02 07:47:12.056 30758 30945 E GPUAUX  : [AUX]GuiExtAuxCheckAuxPath:663: Null anb
03-02 07:47:12.056 30758 30945 E GPUAUX  : [AUX]GuiExtAuxCheckAuxPath:663: Null anb
03-02 07:47:12.056 30758 30945 E GPUAUX  : [AUX]GuiExtAuxCheckAuxPath:663: Null anb
03-02 07:47:12.057 30758 30945 E GPUAUX  : [AUX]GuiExtAuxCheckAuxPath:663: Null anb
03-02 07:47:12.935   746   817 I libPowerHal: [updateFPS] pid(30758) : 60 => -1
03-02 07:47:12.936   746   829 I libPowerHal: [perfNotifyAppState] pack:com.globe.gcash.android, act:com.alibaba.griver.core.ui.activity.GriverBaseActivity$Main, state:5, pid:30758, uid:10292, fps:-1
03-02 07:47:19.762 30758 30945 E GPUAUX  : [AUX]GuiExtAuxCheckAuxPath:663: Null anb
03-02 07:47:19.763 30758 30945 E GPUAUX  : [AUX]GuiExtAuxCheckAuxPath:663: Null anb
03-02 07:47:20.937   746   817 I libPowerHal: [updateFPS] pid(30758) : -1 => 60
03-02 07:47:20.938   746   829 I libPowerHal: [perfNotifyAppState] pack:com.globe.gcash.android, act:com.alibaba.griver.core.ui.activity.GriverBaseActivity$Main, state:5, pid:30758, uid:10292, fps:60
03-02 07:47:21.856 30758 31195 E _V_SensorManager: registerListenerImpl type:1 strType=android.sensor.accelerometer delay:0 maxLatency:0 by: class com.appsflyer.internal.w num: 1
03-02 07:47:21.856 30758 30945 E GPUAUX  : [AUX]GuiExtAuxCheckAuxPath:663: Null anb
03-02 07:47:21.856 30758 30945 E GPUAUX  : [AUX]GuiExtAuxCheckAuxPath:663: Null anb
03-02 07:47:21.856 30758 30945 E GPUAUX  : [AUX]GuiExtAuxCheckAuxPath:663: Null anb
03-02 07:47:21.857 30758 30945 E GPUAUX  : [AUX]GuiExtAuxCheckAuxPath:663: Null anb
03-02 07:47:21.863 30758 31195 E _V_SensorManager: registerListenerImpl type:2 strType=android.sensor.magnetic_field delay:0 maxLatency:0 by: class com.appsflyer.internal.w num: 2
03-02 07:47:21.866 30758 31195 E _V_SensorManager: registerListenerImpl type:4 strType=android.sensor.gyroscope delay:0 maxLatency:0 by: class com.appsflyer.internal.w num: 3
03-02 07:47:21.869 30758 31195 E _V_SensorManager: registerListenerImpl type:1 strType=android.sensor.accelerometer delay:0 maxLatency:0 by: class com.appsflyer.internal.w num: 4
03-02 07:47:21.869 30758 31195 E _V_SensorManager: registerListenerImpl type:2 strType=android.sensor.magnetic_field delay:0 maxLatency:0 by: class com.appsflyer.internal.w num: 4
03-02 07:47:21.869 30758 31195 E _V_SensorManager: registerListenerImpl type:4 strType=android.sensor.gyroscope delay:0 maxLatency:0 by: class com.appsflyer.internal.w num: 4
03-02 07:47:22.937   746   817 I libPowerHal: [updateFPS] pid(30758) : 60 => -1
03-02 07:47:22.937   746   829 I libPowerHal: [perfNotifyAppState] pack:com.globe.gcash.android, act:com.alibaba.griver.core.ui.activity.GriverBaseActivity$Main, state:5, pid:30758, uid:10292, fps:-1
03-02 07:47:22.956 30758 31195 E _V_SensorManager: unregisterListenerImpl listener=com.appsflyer.internal.w@3b2e2d49sensor=NULL num: 4
03-02 07:47:22.961 30758 31195 E _V_SensorManager: unregisterListenerImpl listener=com.appsflyer.internal.w@922a4c90sensor=NULL num: 3
03-02 07:47:22.964 30758 31195 E _V_SensorManager: unregisterListenerImpl listener=com.appsflyer.internal.w@979f95a4sensor=NULL num: 2
03-02 07:47:22.967 30758 31195 E _V_SensorManager: unregisterListenerImpl listener=com.appsflyer.internal.w@3b2e2d49sensor=NULL num: 1
03-02 07:47:22.968 30758 31195 E _V_SensorManager: unregisterListenerImpl listener=com.appsflyer.internal.w@922a4c90sensor=NULL num: 1
03-02 07:47:22.968 30758 31195 E _V_SensorManager: unregisterListenerImpl listener=com.appsflyer.internal.w@979f95a4sensor=NULL num: 1
03-02 07:47:23.054 30758 30758 E _V_SensorManager: unregisterListenerImpl listener=com.facebook.appevents.codeless.ViewIndexingTrigger@a1fc9dcsensor=NULL num: 1
03-02 07:47:23.600   746   829 I libPowerHal: [perfNotifyAppState] pack:com.globe.gcash.android, act:com.alibaba.griver.core.ui.activity.GriverBaseActivity$Main, state:0, pid:30758, uid:10292, fps:-1
03-02 07:47:33.583 30758 31195 E _V_SensorManager: unregisterListenerImpl listener=com.appsflyer.internal.w@3b2e2d49sensor=NULL num: 0
03-02 07:47:33.583 30758 31195 E _V_SensorManager: unregisterListenerImpl listener=com.appsflyer.internal.w@922a4c90sensor=NULL num: 0
03-02 07:47:33.584 30758 31195 E _V_SensorManager: unregisterListenerImpl listener=com.appsflyer.internal.w@979f95a4sensor=NULL num: 0
03-02 07:48:23.607 30758 31186 E _V_SensorManager: unregisterListenerImpl listener=com.alipay.mobile.healthcommon.stepcounter.APStepProcessor@87fa9a7sensor=NULL num: 0
03-02 09:43:55.131   746   829 I libPowerHal: [perfNotifyAppState] pack:com.globe.gcash.android, act:com.globe.gcash.android.Default, state:1, pid:30758, uid:10292, fps:90
03-02 09:43:55.131   746   829 I libPowerHal: [perfNotifyAppState] foreground:com.globe.gcash.android, pid:30758, uid:10292
03-02 09:43:55.285   746   829 I libPowerHal: [perfNotifyAppState] pack:com.globe.gcash.android, act:com.alibaba.griver.core.ui.activity.GriverBaseActivity$Main, state:1, pid:30758, uid:10292, fps:90
03-02 09:43:55.298   746   829 I libPowerHal: [perfNotifyAppState] pack:com.globe.gcash.android, act:com.globe.gcash.android.Default, state:0, pid:30758, uid:10292, fps:90
03-02 09:43:55.437 30758 30758 E _V_SensorManager: registerListenerImpl type:1 strType=android.sensor.accelerometer delay:66667 maxLatency:0 by: class com.facebook.appevents.codeless.ViewIndexingTrigger num: 0
03-02 09:43:55.808 30758 31186 E _V_SensorManager: unregisterListenerImpl listener=com.alipay.mobile.healthcommon.stepcounter.APStepProcessor@87fa9a7sensor=NULL num: 0
03-02 09:43:55.808 30758 31186 E _V_SensorManager: registerListenerImpl type:19 strType=android.sensor.step_counter delay:200000 maxLatency:0 by: class com.alipay.mobile.healthcommon.stepcounter.APStepProcessor num: 0
03-02 09:43:55.814 30758 31186 E _V_SensorManager: unregisterListenerImpl listener=com.alipay.mobile.healthcommon.stepcounter.APStepProcessor@87fa9a7sensor=NULL num: 0
03-02 09:43:55.814 30758 31186 E _V_SensorManager: registerListenerImpl type:19 strType=android.sensor.step_counter delay:200000 maxLatency:0 by: class com.alipay.mobile.healthcommon.stepcounter.APStepProcessor num: 0
03-02 09:43:55.820 30758 31186 E _V_SensorManager: unregisterListenerImpl listener=com.alipay.mobile.healthcommon.stepcounter.APStepProcessor@87fa9a7sensor=NULL num: 0
03-02 09:43:55.820 30758 31186 E _V_SensorManager: registerListenerImpl type:19 strType=android.sensor.step_counter delay:200000 maxLatency:0 by: class com.alipay.mobile.healthcommon.stepcounter.APStepProcessor num: 0
03-02 09:43:55.827 30758 31186 E _V_SensorManager: unregisterListenerImpl listener=com.alipay.mobile.healthcommon.stepcounter.APStepProcessor@87fa9a7sensor=NULL num: 0
03-02 09:43:55.827 30758 31186 E _V_SensorManager: registerListenerImpl type:19 strType=android.sensor.step_counter delay:200000 maxLatency:0 by: class com.alipay.mobile.healthcommon.stepcounter.APStepProcessor num: 0
03-02 09:43:56.116 30758 30945 E GPUAUX  : [AUX]GuiExtAuxCheckAuxPath:663: Null anb
03-02 09:43:56.116 30758 30945 E GPUAUX  : [AUX]GuiExtAuxCheckAuxPath:663: Null anb
03-02 09:43:56.116 30758 30945 E GPUAUX  : [AUX]GuiExtAuxCheckAuxPath:663: Null anb
03-02 09:43:56.117 30758 30945 E GPUAUX  : [AUX]GuiExtAuxCheckAuxPath:663: Null anb
03-02 09:43:56.158 30758 30945 E GPUAUX  : [AUX]GuiExtAuxCheckAuxPath:663: Null anb
03-02 09:43:56.158 30758 30945 E GPUAUX  : [AUX]GuiExtAuxCheckAuxPath:663: Null anb
03-02 09:43:56.158 30758 30945 E GPUAUX  : [AUX]GuiExtAuxCheckAuxPath:663: Null anb
03-02 09:43:56.253   746   817 I libPowerHal: [updateFPS] pid(30758) : 90 => 60
03-02 09:43:56.254   746   829 I libPowerHal: [perfNotifyAppState] pack:com.globe.gcash.android, act:com.alibaba.griver.core.ui.activity.GriverBaseActivity$Main, state:5, pid:30758, uid:10292, fps:60
03-02 09:43:56.348 30758 30945 E GPUAUX  : [AUX]GuiExtAuxCheckAuxPath:663: Null anb
03-02 09:43:56.348 30758 30945 E GPUAUX  : [AUX]GuiExtAuxCheckAuxPath:663: Null anb
03-02 09:43:56.348 30758 30945 E GPUAUX  : [AUX]GuiExtAuxCheckAuxPath:663: Null anb
03-02 09:43:59.255   746   817 I libPowerHal: [updateFPS] pid(30758) : 60 => -1
03-02 09:43:59.255   746   829 I libPowerHal: [perfNotifyAppState] pack:com.globe.gcash.android, act:com.alibaba.griver.core.ui.activity.GriverBaseActivity$Main, state:5, pid:30758, uid:10292, fps:-1
03-02 09:44:13.611 30758 30758 E _V_SensorManager: unregisterListenerImpl listener=com.facebook.appevents.codeless.ViewIndexingTrigger@a1fc9dcsensor=NULL num: 1
03-02 09:44:13.619   746   829 I libPowerHal: [perfNotifyAppState] pack:com.globe.gcash.android, act:gcash.module.login.LoginActivity, state:1, pid:30758, uid:10292, fps:-1
03-02 09:44:13.623   746   829 I libPowerHal: [perfNotifyAppState] pack:com.globe.gcash.android, act:com.alibaba.griver.core.ui.activity.GriverBaseActivity$Main, state:0, pid:30758, uid:10292, fps:-1
03-02 09:44:13.769 30758 30758 E _V_SensorManager: registerListenerImpl type:1 strType=android.sensor.accelerometer delay:66667 maxLatency:0 by: class com.facebook.appevents.codeless.ViewIndexingTrigger num: 0
03-02 09:44:14.484   746   817 I libPowerHal: [updateFPS] pid(30758) : -1 => 60
03-02 09:44:14.485   746   829 I libPowerHal: [perfNotifyAppState] pack:com.globe.gcash.android, act:gcash.module.login.LoginActivity, state:5, pid:30758, uid:10292, fps:60
03-02 09:44:18.382 30758 31186 E _V_SensorManager: unregisterListenerImpl listener=com.alipay.mobile.healthcommon.stepcounter.APStepProcessor@87fa9a7sensor=NULL num: 0
03-02 09:44:18.382 30758 31186 E _V_SensorManager: registerListenerImpl type:19 strType=android.sensor.step_counter delay:200000 maxLatency:0 by: class com.alipay.mobile.healthcommon.stepcounter.APStepProcessor num: 0
03-02 09:44:18.615 30758 31195 E _V_SensorManager: registerListenerImpl type:1 strType=android.sensor.accelerometer delay:0 maxLatency:0 by: class com.appsflyer.internal.w num: 1
03-02 09:44:18.617 30758 30758 E _V_SensorManager: unregisterListenerImpl listener=com.facebook.appevents.codeless.ViewIndexingTrigger@a1fc9dcsensor=NULL num: 1
03-02 09:44:18.622 30758 31195 E _V_SensorManager: registerListenerImpl type:2 strType=android.sensor.magnetic_field delay:0 maxLatency:0 by: class com.appsflyer.internal.w num: 2
03-02 09:44:18.628 30758 31195 E _V_SensorManager: registerListenerImpl type:4 strType=android.sensor.gyroscope delay:0 maxLatency:0 by: class com.appsflyer.internal.w num: 2
03-02 09:44:18.631   746   829 I libPowerHal: [perfNotifyAppState] pack:com.globe.gcash.android, act:gcash.module.dashboard.refactored.presentation.DashboardContainerActivity, state:1, pid:30758, uid:10292, fps:60
03-02 09:44:18.642   746   829 I libPowerHal: [perfNotifyAppState] pack:com.globe.gcash.android, act:gcash.module.login.LoginActivity, state:0, pid:30758, uid:10292, fps:60
03-02 09:44:19.154 30758 30758 E _V_SensorManager: registerListenerImpl type:1 strType=android.sensor.accelerometer delay:66667 maxLatency:0 by: class com.facebook.appevents.codeless.ViewIndexingTrigger num: 3
03-02 09:44:19.485   746   817 I libPowerHal: [updateFPS] pid(30758) : 60 => -1
03-02 09:44:19.485   746   829 I libPowerHal: [perfNotifyAppState] pack:com.globe.gcash.android, act:gcash.module.dashboard.refactored.presentation.DashboardContainerActivity, state:5, pid:30758, uid:10292, fps:-1
03-02 09:44:19.943 30758 31195 E _V_SensorManager: unregisterListenerImpl listener=com.appsflyer.internal.w@3b2e2d49sensor=NULL num: 4
03-02 09:44:19.944 30758 31195 E _V_SensorManager: unregisterListenerImpl listener=com.appsflyer.internal.w@922a4c90sensor=NULL num: 3
03-02 09:44:19.946 30758 31195 E _V_SensorManager: unregisterListenerImpl listener=com.appsflyer.internal.w@979f95a4sensor=NULL num: 2
03-02 09:44:20.030 30758 31195 E _V_SensorManager: unregisterListenerImpl listener=com.appsflyer.internal.w@3b2e2d49sensor=NULL num: 1
03-02 09:44:20.030 30758 31195 E _V_SensorManager: unregisterListenerImpl listener=com.appsflyer.internal.w@922a4c90sensor=NULL num: 1
03-02 09:44:20.030 30758 31195 E _V_SensorManager: unregisterListenerImpl listener=com.appsflyer.internal.w@979f95a4sensor=NULL num: 1
03-02 09:44:20.485   746   817 I libPowerHal: [updateFPS] pid(30758) : -1 => 60
03-02 09:44:20.485   746   829 I libPowerHal: [perfNotifyAppState] pack:com.globe.gcash.android, act:gcash.module.dashboard.refactored.presentation.DashboardContainerActivity, state:5, pid:30758, uid:10292, fps:60
03-02 09:44:22.486   746   817 I libPowerHal: [updateFPS] pid(30758) : 60 => -1
03-02 09:44:22.487   746   829 I libPowerHal: [perfNotifyAppState] pack:com.globe.gcash.android, act:gcash.module.dashboard.refactored.presentation.DashboardContainerActivity, state:5, pid:30758, uid:10292, fps:-1
03-02 09:44:28.991 30758 30758 E _V_SensorManager: unregisterListenerImpl listener=com.facebook.appevents.codeless.ViewIndexingTrigger@a1fc9dcsensor=NULL num: 1
03-02 09:44:28.995   746   829 I libPowerHal: [perfNotifyAppState] pack:com.globe.gcash.android, act:gcash.module.dashboard.refactored.presentation.DashboardContainerActivity, state:0, pid:30758, uid:10292, fps:-1
03-02 09:44:34.597   746   829 I libPowerHal: [perfNotifyAppState] pack:com.globe.gcash.android, act:gcash.module.dashboard.refactored.presentation.DashboardContainerActivity, state:1, pid:30758, uid:10292, fps:60
03-02 09:44:34.597   746   829 I libPowerHal: [perfNotifyAppState] foreground:com.globe.gcash.android, pid:30758, uid:10292
03-02 09:44:34.643 30758 30758 E _V_SensorManager: registerListenerImpl type:1 strType=android.sensor.accelerometer delay:66667 maxLatency:0 by: class com.facebook.appevents.codeless.ViewIndexingTrigger num: 0
03-02 09:44:34.856 30758 31186 E _V_SensorManager: unregisterListenerImpl listener=com.alipay.mobile.healthcommon.stepcounter.APStepProcessor@87fa9a7sensor=NULL num: 0
03-02 09:44:34.857 30758 31186 E _V_SensorManager: registerListenerImpl type:19 strType=android.sensor.step_counter delay:200000 maxLatency:0 by: class com.alipay.mobile.healthcommon.stepcounter.APStepProcessor num: 0
03-02 09:44:37.491   746   817 I libPowerHal: [updateFPS] pid(30758) : 60 => -1
03-02 09:44:37.492   746   829 I libPowerHal: [perfNotifyAppState] pack:com.globe.gcash.android, act:gcash.module.dashboard.refactored.presentation.DashboardContainerActivity, state:5, pid:30758, uid:10292, fps:-1
03-02 09:44:39.581 30758 30758 E _V_SensorManager: unregisterListenerImpl listener=com.facebook.appevents.codeless.ViewIndexingTrigger@a1fc9dcsensor=NULL num: 1
03-02 09:44:39.593   746   829 I libPowerHal: [perfNotifyAppState] pack:com.globe.gcash.android, act:com.alibaba.griver.core.ui.activity.GriverBaseActivity$Main, state:1, pid:30758, uid:10292, fps:-1
03-02 09:44:39.598   746   829 I libPowerHal: [perfNotifyAppState] pack:com.globe.gcash.android, act:gcash.module.dashboard.refactored.presentation.DashboardContainerActivity, state:0, pid:30758, uid:10292, fps:-1
03-02 09:44:39.639 30758 30758 E _V_SensorManager: registerListenerImpl type:1 strType=android.sensor.accelerometer delay:66667 maxLatency:0 by: class com.facebook.appevents.codeless.ViewIndexingTrigger num: 0
03-02 09:44:39.971   746   829 I libPowerHal: [perfNotifyAppState] pack:com.globe.gcash.android, act:gcash.module.dashboard.refactored.presentation.DashboardContainerActivity, state:0, pid:30758, uid:10292, fps:-1
03-02 09:44:40.492   746   817 I libPowerHal: [updateFPS] pid(30758) : -1 => 60
03-02 09:44:40.492   746   829 I libPowerHal: [perfNotifyAppState] pack:com.globe.gcash.android, act:com.alibaba.griver.core.ui.activity.GriverBaseActivity$Main, state:5, pid:30758, uid:10292, fps:60
03-02 09:44:40.770 30758 30945 E GPUAUX  : [AUX]GuiExtAuxCheckAuxPath:663: Null anb
03-02 09:44:40.770 30758 30945 E GPUAUX  : [AUX]GuiExtAuxCheckAuxPath:663: Null anb
03-02 09:44:40.771 30758 30945 E GPUAUX  : [AUX]GuiExtAuxCheckAuxPath:663: Null anb
03-02 09:44:40.772 30758 30945 E GPUAUX  : [AUX]GuiExtAuxCheckAuxPath:663: Null anb
03-02 09:44:40.772 30758 30945 E GPUAUX  : [AUX]GuiExtAuxCheckAuxPath:663: Null anb
03-02 09:44:40.772 30758 30945 E GPUAUX  : [AUX]GuiExtAuxCheckAuxPath:663: Null anb
03-02 09:44:40.772 30758 30945 E GPUAUX  : [AUX]GuiExtAuxCheckAuxPath:663: Null anb
03-02 09:44:40.772 30758 30945 E GPUAUX  : [AUX]GuiExtAuxCheckAuxPath:663: Null anb
03-02 09:44:40.772 30758 30945 E GPUAUX  : [AUX]GuiExtAuxCheckAuxPath:663: Null anb
03-02 09:44:40.772 30758 30945 E GPUAUX  : [AUX]GuiExtAuxCheckAuxPath:663: Null anb
03-02 09:44:40.772 30758 30945 E GPUAUX  : [AUX]GuiExtAuxCheckAuxPath:663: Null anb
03-02 09:44:40.773 30758 30945 E GPUAUX  : [AUX]GuiExtAuxCheckAuxPath:663: Null anb
03-02 09:44:40.773 30758 30945 E GPUAUX  : [AUX]GuiExtAuxCheckAuxPath:663: Null anb
03-02 09:44:40.773 30758 30945 E GPUAUX  : [AUX]GuiExtAuxCheckAuxPath:663: Null anb
03-02 09:44:49.706 30758 30758 E _V_SensorManager: unregisterListenerImpl listener=com.facebook.appevents.codeless.ViewIndexingTrigger@a1fc9dcsensor=NULL num: 1
03-02 09:44:49.726   746   829 I libPowerHal: [perfNotifyAppState] pack:com.globe.gcash.android, act:com.alibaba.griver.core.ui.activity.GriverBaseActivity$Main, state:0, pid:30758, uid:10292, fps:60
03-02 09:44:59.006   746   829 I libPowerHal: [perfNotifyAppState] pack:com.globe.gcash.android, act:com.alibaba.griver.core.ui.activity.GriverBaseActivity$Main, state:1, pid:30758, uid:10292, fps:-1
03-02 09:44:59.006   746   829 I libPowerHal: [perfNotifyAppState] foreground:com.globe.gcash.android, pid:30758, uid:10292
03-02 09:44:59.046 30758 30758 E _V_SensorManager: registerListenerImpl type:1 strType=android.sensor.accelerometer delay:66667 maxLatency:0 by: class com.facebook.appevents.codeless.ViewIndexingTrigger num: 0
03-02 09:44:59.101 30758 31186 E _V_SensorManager: unregisterListenerImpl listener=com.alipay.mobile.healthcommon.stepcounter.APStepProcessor@87fa9a7sensor=NULL num: 0
03-02 09:44:59.101 30758 31186 E _V_SensorManager: registerListenerImpl type:19 strType=android.sensor.step_counter delay:200000 maxLatency:0 by: class com.alipay.mobile.healthcommon.stepcounter.APStepProcessor num: 0
03-02 09:44:59.292 30758 30945 E GPUAUX  : [AUX]GuiExtAuxCheckAuxPath:663: Null anb
03-02 09:44:59.292 30758 30945 E GPUAUX  : [AUX]GuiExtAuxCheckAuxPath:663: Null anb
03-02 09:44:59.293 30758 30945 E GPUAUX  : [AUX]GuiExtAuxCheckAuxPath:663: Null anb
03-02 09:44:59.293 30758 30945 E GPUAUX  : [AUX]GuiExtAuxCheckAuxPath:663: Null anb
03-02 09:44:59.295 30758 30945 E GPUAUX  : [AUX]GuiExtAuxCheckAuxPath:663: Null anb
03-02 09:44:59.295 30758 30945 E GPUAUX  : [AUX]GuiExtAuxCheckAuxPath:663: Null anb
03-02 09:44:59.296 30758 30945 E GPUAUX  : [AUX]GuiExtAuxCheckAuxPath:663: Null anb
03-02 09:44:59.296 30758 30945 E GPUAUX  : [AUX]GuiExtAuxCheckAuxPath:663: Null anb
03-02 09:44:59.296 30758 30945 E GPUAUX  : [AUX]GuiExtAuxCheckAuxPath:663: Null anb
03-02 09:44:59.296 30758 30945 E GPUAUX  : [AUX]GuiExtAuxCheckAuxPath:663: Null anb
03-02 09:44:59.296 30758 30945 E GPUAUX  : [AUX]GuiExtAuxCheckAuxPath:663: Null anb
03-02 09:44:59.296 30758 30945 E GPUAUX  : [AUX]GuiExtAuxCheckAuxPath:663: Null anb
03-02 09:44:59.296 30758 30945 E GPUAUX  : [AUX]GuiExtAuxCheckAuxPath:663: Null anb
03-02 09:44:59.296 30758 30945 E GPUAUX  : [AUX]GuiExtAuxCheckAuxPath:663: Null anb
03-02 09:44:59.361 30758 30945 E GPUAUX  : [AUX]GuiExtAuxCheckAuxPath:663: Null anb
03-02 09:44:59.362 30758 30945 E GPUAUX  : [AUX]GuiExtAuxCheckAuxPath:663: Null anb
03-02 09:44:59.362 30758 30945 E GPUAUX  : [AUX]GuiExtAuxCheckAuxPath:663: Null anb
03-02 09:44:59.362 30758 30945 E GPUAUX  : [AUX]GuiExtAuxCheckAuxPath:663: Null anb
03-02 09:44:59.362 30758 30945 E GPUAUX  : [AUX]GuiExtAuxCheckAuxPath:663: Null anb
03-02 09:44:59.362 30758 30945 E GPUAUX  : [AUX]GuiExtAuxCheckAuxPath:663: Null anb
03-02 09:44:59.362 30758 30945 E GPUAUX  : [AUX]GuiExtAuxCheckAuxPath:663: Null anb
03-02 09:44:59.362 30758 30945 E GPUAUX  : [AUX]GuiExtAuxCheckAuxPath:663: Null anb
03-02 09:44:59.362 30758 30945 E GPUAUX  : [AUX]GuiExtAuxCheckAuxPath:663: Null anb
03-02 09:44:59.362 30758 30945 E GPUAUX  : [AUX]GuiExtAuxCheckAuxPath:663: Null anb
03-02 09:44:59.363 30758 30945 E GPUAUX  : [AUX]GuiExtAuxCheckAuxPath:663: Null anb
03-02 09:44:59.412 30758 30945 E GPUAUX  : [AUX]GuiExtAuxCheckAuxPath:663: Null anb
03-02 09:44:59.430 30758 30945 E GPUAUX  : [AUX]GuiExtAuxCheckAuxPath:663: Null anb
03-02 09:44:59.439 30758 30945 E GPUAUX  : [AUX]GuiExtAuxCheckAuxPath:663: Null anb
03-02 09:44:59.458 30758 30945 E GPUAUX  : [AUX]GuiExtAuxCheckAuxPath:663: Null anb
03-02 09:44:59.473 30758 30945 E GPUAUX  : [AUX]GuiExtAuxCheckAuxPath:663: Null anb
03-02 09:44:59.489 30758 30945 E GPUAUX  : [AUX]GuiExtAuxCheckAuxPath:663: Null anb
03-02 09:44:59.495   746   817 I libPowerHal: [updateFPS] pid(30758) : -1 => 60
03-02 09:44:59.495   746   829 I libPowerHal: [perfNotifyAppState] pack:com.globe.gcash.android, act:com.alibaba.griver.core.ui.activity.GriverBaseActivity$Main, state:5, pid:30758, uid:10292, fps:60
03-02 09:44:59.505 30758 30945 E GPUAUX  : [AUX]GuiExtAuxCheckAuxPath:663: Null anb
03-02 09:44:59.522 30758 30945 E GPUAUX  : [AUX]GuiExtAuxCheckAuxPath:663: Null anb
03-02 09:44:59.540 30758 30945 E GPUAUX  : [AUX]GuiExtAuxCheckAuxPath:663: Null anb
03-02 09:44:59.555 30758 30945 E GPUAUX  : [AUX]GuiExtAuxCheckAuxPath:663: Null anb
03-02 09:44:59.573 30758 30945 E GPUAUX  : [AUX]GuiExtAuxCheckAuxPath:663: Null anb
03-02 09:44:59.589 30758 30945 E GPUAUX  : [AUX]GuiExtAuxCheckAuxPath:663: Null anb
03-02 09:44:59.605 30758 30945 E GPUAUX  : [AUX]GuiExtAuxCheckAuxPath:663: Null anb
03-02 09:44:59.623 30758 30945 E GPUAUX  : [AUX]GuiExtAuxCheckAuxPath:663: Null anb
03-02 09:44:59.639 30758 30945 E GPUAUX  : [AUX]GuiExtAuxCheckAuxPath:663: Null anb
03-02 09:44:59.655 30758 30945 E GPUAUX  : [AUX]GuiExtAuxCheckAuxPath:663: Null anb
03-02 09:44:59.712 30758 30945 E GPUAUX  : [AUX]GuiExtAuxCheckAuxPath:663: Null anb
03-02 09:44:59.715 30758 30945 E GPUAUX  : [AUX]GuiExtAuxCheckAuxPath:663: Null anb
03-02 09:44:59.716 30758 30945 E GPUAUX  : [AUX]GuiExtAuxCheckAuxPath:663: Null anb
03-02 09:44:59.717 30758 30945 E GPUAUX  : [AUX]GuiExtAuxCheckAuxPath:663: Null anb
03-02 09:44:59.717 30758 30945 E GPUAUX  : [AUX]GuiExtAuxCheckAuxPath:663: Null anb
03-02 09:44:59.718 30758 30945 E GPUAUX  : [AUX]GuiExtAuxCheckAuxPath:663: Null anb
03-02 09:45:00.755 30758 30945 E GPUAUX  : [AUX]GuiExtAuxCheckAuxPath:663: Null anb
03-02 09:45:00.756 30758 30945 E GPUAUX  : [AUX]GuiExtAuxCheckAuxPath:663: Null anb
03-02 09:45:00.756 30758 30945 E GPUAUX  : [AUX]GuiExtAuxCheckAuxPath:663: Null anb
03-02 09:45:00.756 30758 30945 E GPUAUX  : [AUX]GuiExtAuxCheckAuxPath:663: Null anb
03-02 09:45:01.522 30758 30945 E GPUAUX  : [AUX]GuiExtAuxCheckAuxPath:663: Null anb
03-02 09:45:01.553 30758 30945 E GPUAUX  : [AUX]GuiExtAuxCheckAuxPath:663: Null anb
03-02 09:45:01.553 30758 30945 E GPUAUX  : [AUX]GuiExtAuxCheckAuxPath:663: Null anb
03-02 09:45:01.553 30758 30945 E GPUAUX  : [AUX]GuiExtAuxCheckAuxPath:663: Null anb
03-02 09:45:01.553 30758 30945 E GPUAUX  : [AUX]GuiExtAuxCheckAuxPath:663: Null anb
03-02 09:45:01.776 30758 30945 E GPUAUX  : [AUX]GuiExtAuxCheckAuxPath:663: Null anb
03-02 09:45:01.776 30758 30945 E GPUAUX  : [AUX]GuiExtAuxCheckAuxPath:663: Null anb
03-02 09:45:01.776 30758 30945 E GPUAUX  : [AUX]GuiExtAuxCheckAuxPath:663: Null anb
03-02 09:45:01.776 30758 30945 E GPUAUX  : [AUX]GuiExtAuxCheckAuxPath:663: Null anb
03-02 09:45:01.776 30758 30945 E GPUAUX  : [AUX]GuiExtAuxCheckAuxPath:663: Null anb
03-02 09:45:01.776 30758 30945 E GPUAUX  : [AUX]GuiExtAuxCheckAuxPath:663: Null anb
03-02 09:45:01.776 30758 30945 E GPUAUX  : [AUX]GuiExtAuxCheckAuxPath:663: Null anb
03-02 09:45:01.777 30758 30945 E GPUAUX  : [AUX]GuiExtAuxCheckAuxPath:663: Null anb
03-02 09:45:01.777 30758 30945 E GPUAUX  : [AUX]GuiExtAuxCheckAuxPath:663: Null anb
03-02 09:45:01.777 30758 30945 E GPUAUX  : [AUX]GuiExtAuxCheckAuxPath:663: Null anb
03-02 09:45:01.844 30758 30945 E GPUAUX  : [AUX]GuiExtAuxCheckAuxPath:663: Null anb
03-02 09:45:01.845 30758 30945 E GPUAUX  : [AUX]GuiExtAuxCheckAuxPath:663: Null anb
03-02 09:45:01.845 30758 30945 E GPUAUX  : [AUX]GuiExtAuxCheckAuxPath:663: Null anb
03-02 09:45:01.846 30758 30945 E GPUAUX  : [AUX]GuiExtAuxCheckAuxPath:663: Null anb
03-02 09:45:01.846 30758 30945 E GPUAUX  : [AUX]GuiExtAuxCheckAuxPath:663: Null anb
03-02 09:45:01.846 30758 30945 E GPUAUX  : [AUX]GuiExtAuxCheckAuxPath:663: Null anb
03-02 09:45:01.846 30758 30945 E GPUAUX  : [AUX]GuiExtAuxCheckAuxPath:663: Null anb
03-02 09:45:01.847 30758 30945 E GPUAUX  : [AUX]GuiExtAuxCheckAuxPath:663: Null anb
03-02 09:45:01.848 30758 30945 E GPUAUX  : [AUX]GuiExtAuxCheckAuxPath:663: Null anb
03-02 09:45:01.848 30758 30945 E GPUAUX  : [AUX]GuiExtAuxCheckAuxPath:663: Null anb
03-02 09:45:03.087 30758 30945 E GPUAUX  : [AUX]GuiExtAuxCheckAuxPath:663: Null anb
03-02 09:45:03.100 30758 30945 E GPUAUX  : [AUX]GuiExtAuxCheckAuxPath:663: Null anb
03-02 09:45:03.101 30758 30945 E GPUAUX  : [AUX]GuiExtAuxCheckAuxPath:663: Null anb
03-02 09:45:03.101 30758 30945 E GPUAUX  : [AUX]GuiExtAuxCheckAuxPath:663: Null anb
03-02 09:45:03.470 30758 30945 E GPUAUX  : [AUX]GuiExtAuxCheckAuxPath:663: Null anb
03-02 09:45:04.079 30758 30945 E GPUAUX  : [AUX]GuiExtAuxCheckAuxPath:663: Null anb
03-02 09:45:04.080 30758 30945 E GPUAUX  : [AUX]GuiExtAuxCheckAuxPath:663: Null anb
03-02 09:45:04.080 30758 30945 E GPUAUX  : [AUX]GuiExtAuxCheckAuxPath:663: Null anb
03-02 09:45:04.080 30758 30945 E GPUAUX  : [AUX]GuiExtAuxCheckAuxPath:663: Null anb
03-02 09:45:04.080 30758 30945 E GPUAUX  : [AUX]GuiExtAuxCheckAuxPath:663: Null anb
03-02 09:45:04.080 30758 30945 E GPUAUX  : [AUX]GuiExtAuxCheckAuxPath:663: Null anb
03-02 09:45:04.080 30758 30945 E GPUAUX  : [AUX]GuiExtAuxCheckAuxPath:663: Null anb
03-02 09:45:04.080 30758 30945 E GPUAUX  : [AUX]GuiExtAuxCheckAuxPath:663: Null anb
03-02 09:45:04.080 30758 30945 E GPUAUX  : [AUX]GuiExtAuxCheckAuxPath:663: Null anb
03-02 09:45:04.080 30758 30945 E GPUAUX  : [AUX]GuiExtAuxCheckAuxPath:663: Null anb
03-02 09:45:04.081 30758 30945 E GPUAUX  : [AUX]GuiExtAuxCheckAuxPath:663: Null anb
03-02 09:45:04.081 30758 30945 E GPUAUX  : [AUX]GuiExtAuxCheckAuxPath:663: Null anb
03-02 09:45:04.081 30758 30945 E GPUAUX  : [AUX]GuiExtAuxCheckAuxPath:663: Null anb
03-02 09:45:04.081 30758 30945 E GPUAUX  : [AUX]GuiExtAuxCheckAuxPath:663: Null anb
03-02 09:45:04.081 30758 30945 E GPUAUX  : [AUX]GuiExtAuxCheckAuxPath:663: Null anb
03-02 09:45:04.081 30758 30945 E GPUAUX  : [AUX]GuiExtAuxCheckAuxPath:663: Null anb
03-02 09:45:04.092 30758 30945 E GPUAUX  : [AUX]GuiExtAuxCheckAuxPath:663: Null anb
03-02 09:45:04.092 30758 30945 E GPUAUX  : [AUX]GuiExtAuxCheckAuxPath:663: Null anb
03-02 09:45:04.092 30758 30945 E GPUAUX  : [AUX]GuiExtAuxCheckAuxPath:663: Null anb
03-02 09:45:04.093 30758 30945 E GPUAUX  : [AUX]GuiExtAuxCheckAuxPath:663: Null anb
03-02 09:45:04.093 30758 30945 E GPUAUX  : [AUX]GuiExtAuxCheckAuxPath:663: Null anb
03-02 09:45:04.093 30758 30945 E GPUAUX  : [AUX]GuiExtAuxCheckAuxPath:663: Null anb
03-02 09:45:04.093 30758 30945 E GPUAUX  : [AUX]GuiExtAuxCheckAuxPath:663: Null anb
03-02 09:45:04.093 30758 30945 E GPUAUX  : [AUX]GuiExtAuxCheckAuxPath:663: Null anb
03-02 09:45:04.093 30758 30945 E GPUAUX  : [AUX]GuiExtAuxCheckAuxPath:663: Null anb
03-02 09:45:04.093 30758 30945 E GPUAUX  : [AUX]GuiExtAuxCheckAuxPath:663: Null anb
03-02 09:45:04.093 30758 30945 E GPUAUX  : [AUX]GuiExtAuxCheckAuxPath:663: Null anb
03-02 09:45:04.093 30758 30945 E GPUAUX  : [AUX]GuiExtAuxCheckAuxPath:663: Null anb
03-02 09:45:04.093 30758 30945 E GPUAUX  : [AUX]GuiExtAuxCheckAuxPath:663: Null anb
03-02 09:45:04.093 30758 30945 E GPUAUX  : [AUX]GuiExtAuxCheckAuxPath:663: Null anb
03-02 09:45:04.093 30758 30945 E GPUAUX  : [AUX]GuiExtAuxCheckAuxPath:663: Null anb
03-02 09:45:04.109 30758 30945 E GPUAUX  : [AUX]GuiExtAuxCheckAuxPath:663: Null anb
03-02 09:45:04.109 30758 30945 E GPUAUX  : [AUX]GuiExtAuxCheckAuxPath:663: Null anb
03-02 09:45:04.109 30758 30945 E GPUAUX  : [AUX]GuiExtAuxCheckAuxPath:663: Null anb
03-02 09:45:04.172 30758 30945 E GPUAUX  : [AUX]GuiExtAuxCheckAuxPath:663: Null anb
03-02 09:45:04.173 30758 30945 E GPUAUX  : [AUX]GuiExtAuxCheckAuxPath:663: Null anb
03-02 09:45:04.173 30758 30945 E GPUAUX  : [AUX]GuiExtAuxCheckAuxPath:663: Null anb
03-02 09:45:04.173 30758 30945 E GPUAUX  : [AUX]GuiExtAuxCheckAuxPath:663: Null anb
03-02 09:45:04.173 30758 30945 E GPUAUX  : [AUX]GuiExtAuxCheckAuxPath:663: Null anb
03-02 09:45:04.173 30758 30945 E GPUAUX  : [AUX]GuiExtAuxCheckAuxPath:663: Null anb
03-02 09:45:04.173 30758 30945 E GPUAUX  : [AUX]GuiExtAuxCheckAuxPath:663: Null anb
03-02 09:45:04.173 30758 30945 E GPUAUX  : [AUX]GuiExtAuxCheckAuxPath:663: Null anb
03-02 09:45:04.173 30758 30945 E GPUAUX  : [AUX]GuiExtAuxCheckAuxPath:663: Null anb
03-02 09:45:04.174 30758 30945 E GPUAUX  : [AUX]GuiExtAuxCheckAuxPath:663: Null anb
03-02 09:45:04.191 30758 30945 E GPUAUX  : [AUX]GuiExtAuxCheckAuxPath:663: Null anb
03-02 09:45:04.191 30758 30945 E GPUAUX  : [AUX]GuiExtAuxCheckAuxPath:663: Null anb
03-02 09:45:04.191 30758 30945 E GPUAUX  : [AUX]GuiExtAuxCheckAuxPath:663: Null anb
03-02 09:45:04.191 30758 30945 E GPUAUX  : [AUX]GuiExtAuxCheckAuxPath:663: Null anb
03-02 09:45:04.211 30758 30945 E GPUAUX  : [AUX]GuiExtAuxCheckAuxPath:663: Null anb
03-02 09:45:04.212 30758 30945 E GPUAUX  : [AUX]GuiExtAuxCheckAuxPath:663: Null anb
03-02 09:45:05.035 30758 30945 E GPUAUX  : [AUX]GuiExtAuxCheckAuxPath:663: Null anb
03-02 09:45:05.035 30758 30945 E GPUAUX  : [AUX]GuiExtAuxCheckAuxPath:663: Null anb
03-02 09:45:05.065 30758 30945 E GPUAUX  : [AUX]GuiExtAuxCheckAuxPath:663: Null anb
03-02 09:45:05.065 30758 30945 E GPUAUX  : [AUX]GuiExtAuxCheckAuxPath:663: Null anb
03-02 09:45:05.065 30758 30945 E GPUAUX  : [AUX]GuiExtAuxCheckAuxPath:663: Null anb
03-02 09:45:05.065 30758 30945 E GPUAUX  : [AUX]GuiExtAuxCheckAuxPath:663: Null anb
03-02 09:45:05.066 30758 30945 E GPUAUX  : [AUX]GuiExtAuxCheckAuxPath:663: Null anb
03-02 09:45:05.066 30758 30945 E GPUAUX  : [AUX]GuiExtAuxCheckAuxPath:663: Null anb
03-02 09:45:05.066 30758 30945 E GPUAUX  : [AUX]GuiExtAuxCheckAuxPath:663: Null anb
03-02 09:45:05.066 30758 30945 E GPUAUX  : [AUX]GuiExtAuxCheckAuxPath:663: Null anb
03-02 09:45:06.679 30758 30945 E GPUAUX  : [AUX]GuiExtAuxCheckAuxPath:663: Null anb
03-02 09:45:06.679 30758 30945 E GPUAUX  : [AUX]GuiExtAuxCheckAuxPath:663: Null anb
03-02 09:45:06.680 30758 30945 E GPUAUX  : [AUX]GuiExtAuxCheckAuxPath:663: Null anb
03-02 09:45:06.680 30758 30945 E GPUAUX  : [AUX]GuiExtAuxCheckAuxPath:663: Null anb
03-02 09:45:06.680 30758 30945 E GPUAUX  : [AUX]GuiExtAuxCheckAuxPath:663: Null anb
03-02 09:45:06.680 30758 30945 E GPUAUX  : [AUX]GuiExtAuxCheckAuxPath:663: Null anb
03-02 09:45:08.498   746   817 I libPowerHal: [updateFPS] pid(30758) : 60 => -1
03-02 09:45:08.499   746   829 I libPowerHal: [perfNotifyAppState] pack:com.globe.gcash.android, act:com.alibaba.griver.core.ui.activity.GriverBaseActivity$Main, state:5, pid:30758, uid:10292, fps:-1
03-02 09:45:12.061 30758 30945 E GPUAUX  : [AUX]GuiExtAuxCheckAuxPath:663: Null anb
03-02 09:45:12.062 30758 30945 E GPUAUX  : [AUX]GuiExtAuxCheckAuxPath:663: Null anb
03-02 09:45:12.062 30758 30945 E GPUAUX  : [AUX]GuiExtAuxCheckAuxPath:663: Null anb
03-02 09:45:12.063 30758 30945 E GPUAUX  : [AUX]GuiExtAuxCheckAuxPath:663: Null anb
03-02 09:45:12.063 30758 30945 E GPUAUX  : [AUX]GuiExtAuxCheckAuxPath:663: Null anb
03-02 09:45:12.063 30758 30945 E GPUAUX  : [AUX]GuiExtAuxCheckAuxPath:663: Null anb
03-02 09:45:12.063 30758 30945 E GPUAUX  : [AUX]GuiExtAuxCheckAuxPath:663: Null anb
03-02 09:45:12.063 30758 30945 E GPUAUX  : [AUX]GuiExtAuxCheckAuxPath:663: Null anb
03-02 09:45:12.063 30758 30945 E GPUAUX  : [AUX]GuiExtAuxCheckAuxPath:663: Null anb
03-02 09:45:12.063 30758 30945 E GPUAUX  : [AUX]GuiExtAuxCheckAuxPath:663: Null anb
03-02 09:45:12.063 30758 30945 E GPUAUX  : [AUX]GuiExtAuxCheckAuxPath:663: Null anb
03-02 09:45:12.064 30758 30945 E GPUAUX  : [AUX]GuiExtAuxCheckAuxPath:663: Null anb
03-02 09:45:12.064 30758 30945 E GPUAUX  : [AUX]GuiExtAuxCheckAuxPath:663: Null anb
03-02 09:45:12.064 30758 30945 E GPUAUX  : [AUX]GuiExtAuxCheckAuxPath:663: Null anb
03-02 09:45:12.410 30758 30758 E _V_SensorManager: unregisterListenerImpl listener=com.facebook.appevents.codeless.ViewIndexingTrigger@a1fc9dcsensor=NULL num: 1
03-02 09:45:12.418   746   829 I libPowerHal: [perfNotifyAppState] pack:com.globe.gcash.android, act:gcash.module.dashboard.refactored.presentation.DashboardContainerActivity, state:1, pid:30758, uid:10292, fps:-1
03-02 09:45:12.423   746   829 I libPowerHal: [perfNotifyAppState] pack:com.globe.gcash.android, act:com.alibaba.griver.core.ui.activity.GriverBaseActivity$Main, state:0, pid:30758, uid:10292, fps:-1
03-02 09:45:12.426 30758 30758 E _V_SensorManager: registerListenerImpl type:1 strType=android.sensor.accelerometer delay:66667 maxLatency:0 by: class com.facebook.appevents.codeless.ViewIndexingTrigger num: 0
03-02 09:45:12.499   746   817 I libPowerHal: [updateFPS] pid(30758) : -1 => 60
03-02 09:45:12.499   746   829 I libPowerHal: [perfNotifyAppState] pack:com.globe.gcash.android, act:gcash.module.dashboard.refactored.presentation.DashboardContainerActivity, state:5, pid:30758, uid:10292, fps:60
03-02 09:45:13.373 30758 30758 E _V_SensorManager: unregisterListenerImpl listener=com.facebook.appevents.codeless.ViewIndexingTrigger@a1fc9dcsensor=NULL num: 1
03-02 09:45:13.388   746   829 I libPowerHal: [perfNotifyAppState] pack:com.globe.gcash.android, act:com.alibaba.griver.core.ui.activity.GriverBaseActivity$Main, state:1, pid:30758, uid:10292, fps:60
03-02 09:45:13.393   746   829 I libPowerHal: [perfNotifyAppState] pack:com.globe.gcash.android, act:gcash.module.dashboard.refactored.presentation.DashboardContainerActivity, state:0, pid:30758, uid:10292, fps:60
03-02 09:45:13.428 30758 30758 E _V_SensorManager: registerListenerImpl type:1 strType=android.sensor.accelerometer delay:66667 maxLatency:0 by: class com.facebook.appevents.codeless.ViewIndexingTrigger num: 0
03-02 09:45:13.764   746   829 I libPowerHal: [perfNotifyAppState] pack:com.globe.gcash.android, act:gcash.module.dashboard.refactored.presentation.DashboardContainerActivity, state:0, pid:30758, uid:10292, fps:60
03-02 09:45:13.985 30758 30945 E GPUAUX  : [AUX]GuiExtAuxCheckAuxPath:663: Null anb
03-02 09:45:13.986 30758 30945 E GPUAUX  : [AUX]GuiExtAuxCheckAuxPath:663: Null anb
03-02 09:45:13.986 30758 30945 E GPUAUX  : [AUX]GuiExtAuxCheckAuxPath:663: Null anb
03-02 09:45:13.986 30758 30945 E GPUAUX  : [AUX]GuiExtAuxCheckAuxPath:663: Null anb
03-02 09:45:13.987 30758 30945 E GPUAUX  : [AUX]GuiExtAuxCheckAuxPath:663: Null anb
03-02 09:45:13.987 30758 30945 E GPUAUX  : [AUX]GuiExtAuxCheckAuxPath:663: Null anb
03-02 09:45:13.987 30758 30945 E GPUAUX  : [AUX]GuiExtAuxCheckAuxPath:663: Null anb
03-02 09:45:13.987 30758 30945 E GPUAUX  : [AUX]GuiExtAuxCheckAuxPath:663: Null anb
03-02 09:45:13.987 30758 30945 E GPUAUX  : [AUX]GuiExtAuxCheckAuxPath:663: Null anb
03-02 09:45:13.987 30758 30945 E GPUAUX  : [AUX]GuiExtAuxCheckAuxPath:663: Null anb
03-02 09:45:13.987 30758 30945 E GPUAUX  : [AUX]GuiExtAuxCheckAuxPath:663: Null anb
03-02 09:45:13.987 30758 30945 E GPUAUX  : [AUX]GuiExtAuxCheckAuxPath:663: Null anb
03-02 09:45:13.987 30758 30945 E GPUAUX  : [AUX]GuiExtAuxCheckAuxPath:663: Null anb
03-02 09:45:13.987 30758 30945 E GPUAUX  : [AUX]GuiExtAuxCheckAuxPath:663: Null anb
03-02 09:45:21.195 30758 30758 E _V_SensorManager: unregisterListenerImpl listener=com.facebook.appevents.codeless.ViewIndexingTrigger@a1fc9dcsensor=NULL num: 1
03-02 09:45:21.211   746   829 I libPowerHal: [perfNotifyAppState] pack:com.globe.gcash.android, act:com.alibaba.griver.core.ui.activity.GriverBaseActivity$Main, state:0, pid:30758, uid:10292, fps:60
03-02 09:45:29.893   746   829 I libPowerHal: [perfNotifyAppState] pack:com.globe.gcash.android, act:com.alibaba.griver.core.ui.activity.GriverBaseActivity$Main, state:1, pid:30758, uid:10292, fps:-1
03-02 09:45:29.893   746   829 I libPowerHal: [perfNotifyAppState] foreground:com.globe.gcash.android, pid:30758, uid:10292
03-02 09:45:29.929 30758 30758 E _V_SensorManager: registerListenerImpl type:1 strType=android.sensor.accelerometer delay:66667 maxLatency:0 by: class com.facebook.appevents.codeless.ViewIndexingTrigger num: 0
03-02 09:45:30.013 30758 31186 E _V_SensorManager: unregisterListenerImpl listener=com.alipay.mobile.healthcommon.stepcounter.APStepProcessor@87fa9a7sensor=NULL num: 0
03-02 09:45:30.013 30758 31186 E _V_SensorManager: registerListenerImpl type:19 strType=android.sensor.step_counter delay:200000 maxLatency:0 by: class com.alipay.mobile.healthcommon.stepcounter.APStepProcessor num: 0
03-02 09:45:30.502   746   817 I libPowerHal: [updateFPS] pid(30758) : -1 => 60
03-02 09:45:30.502   746   829 I libPowerHal: [perfNotifyAppState] pack:com.globe.gcash.android, act:com.alibaba.griver.core.ui.activity.GriverBaseActivity$Main, state:5, pid:30758, uid:10292, fps:60
03-02 09:45:43.766 30758 30945 E GPUAUX  : [AUX]GuiExtAuxCheckAuxPath:663: Null anb
03-02 09:45:43.766 30758 30945 E GPUAUX  : [AUX]GuiExtAuxCheckAuxPath:663: Null anb
03-02 09:45:43.767 30758 30945 E GPUAUX  : [AUX]GuiExtAuxCheckAuxPath:663: Null anb
03-02 09:45:43.767 30758 30945 E GPUAUX  : [AUX]GuiExtAuxCheckAuxPath:663: Null anb
03-02 09:45:43.767 30758 30945 E GPUAUX  : [AUX]GuiExtAuxCheckAuxPath:663: Null anb
03-02 09:45:43.767 30758 30945 E GPUAUX  : [AUX]GuiExtAuxCheckAuxPath:663: Null anb
03-02 09:45:43.767 30758 30945 E GPUAUX  : [AUX]GuiExtAuxCheckAuxPath:663: Null anb
03-02 09:45:43.768 30758 30945 E GPUAUX  : [AUX]GuiExtAuxCheckAuxPath:663: Null anb
03-02 09:45:43.768 30758 30945 E GPUAUX  : [AUX]GuiExtAuxCheckAuxPath:663: Null anb
03-02 09:45:43.768 30758 30945 E GPUAUX  : [AUX]GuiExtAuxCheckAuxPath:663: Null anb
